nohup: 忽略输入
Processing videos, this may take a while ...
[DATASET] (1/2160) Loading video: DATASET/subidha/p4_f_subidha.mp4
[DATASET] (2/2160) Loading video: DATASET/subidha/p14_c_subidha.mp4
[DATASET] (3/2160) Loading video: DATASET/subidha/p1_f_subidha.mp4
...
[DATASET] (2158/2160) Loading video: DATASET/attio/p4_f_attio.mp4
[DATASET] (2159/2160) Loading video: DATASET/attio/p14_f_attio.mp4
[DATASET] (2160/2160) Loading video: DATASET/attio/p8_c_attio.mp4
[DATASET] Finished processing 2160 videos.
[DATASET] Saving dataset cache to: train_dataset.pt
[DATASET] Cache saved successfully.
Processing videos, this may take a while ...
[DATASET] (1/540) Loading video: DATASET/subidha/p10_c_subidha.mp4
[DATASET] (2/540) Loading video: DATASET/subidha/p9_c_subidha.mp4
[DATASET] (3/540) Loading video: DATASET/subidha/p10_f_subidha.mp4
...
[DATASET] (538/540) Loading video: DATASET/attio/p5_f_attio.mp4
[DATASET] (539/540) Loading video: DATASET/attio/p10_f_attio.mp4
[DATASET] (540/540) Loading video: DATASET/attio/p10_c_attio.mp4
[DATASET] Finished processing 540 videos.
[DATASET] Saving dataset cache to: test_dataset.pt
[DATASET] Cache saved successfully.
/home/user5/anaconda3/envs/cs7643-a1/lib/python3.14/site-packages/torch/nn/modules/transformer.py:392: UserWarning: enable_nested_tensor is True, but self.use_nested_tensor is False because encoder_layer.self_attn.batch_first was not True(use batch_first for better inference performance)
  warnings.warn(
Number of training samples: 2160
Number of test samples: 540
Unique labels: [ 0  1  2  3  4  5  6  7  8  9 10 11 12 13 14 15 16 17 18 19 20 21 22 23
 24 25 26 27 28 29 30 31 32 33 34 35 36 37 38 39 40 41 42 43 44 45 46 47
 48 49 50 51 52 53 54 55 56 57 58 59 60 61 62 63 64 65 66 67 68 69 70 71
 72 73 74 75 76 77 78 79 80 81 82 83 84 85 86 87 88 89]
Number of classes: 90
Samples per class: [24 24 24 24 24 24 24 24 24 24 24 24 24 24 24 24 24 24 24 24 24 24 24 24
 24 24 24 24 24 24 24 24 24 24 24 24 24 24 24 24 24 24 24 24 24 24 24 24
 24 24 24 24 24 24 24 24 24 24 24 24 24 24 24 24 24 24 24 24 24 24 24 24
 24 24 24 24 24 24 24 24 24 24 24 24 24 24 24 24 24 24]

Epoch [1/20], Batch [1/24], Loss: 1.4876, Accuracy: 82.53%
Epoch [1/20], Batch [2/24], Loss: 1.1172, Accuracy: 71.59%
Epoch [1/20], Batch [3/24], Loss: 1.2044, Accuracy: 73.87%
Epoch [1/20], Batch [4/24], Loss: 1.4502, Accuracy: 70.65%
Epoch [1/20], Batch [5/24], Loss: 1.5645, Accuracy: 75.12%
Epoch [1/20], Batch [6/24], Loss: 1.5542, Accuracy: 78.13%
Epoch [1/20], Batch [7/24], Loss: 1.6800, Accuracy: 72.54%
Epoch [1/20], Batch [8/24], Loss: 1.3417, Accuracy: 80.62%
Epoch [1/20], Batch [9/24], Loss: 1.7259, Accuracy: 75.13%
Epoch [1/20], Batch [10/24], Loss: 1.4674, Accuracy: 77.39%
Epoch [1/20], Batch [11/24], Loss: 1.2025, Accuracy: 86.58%
Epoch [1/20], Batch [12/24], Loss: 1.4220, Accuracy: 73.73%
Epoch [1/20], Batch [13/24], Loss: 1.2046, Accuracy: 67.16%
Epoch [1/20], Batch [14/24], Loss: 1.0614, Accuracy: 71.49%
Epoch [1/20], Batch [15/24], Loss: 1.6095, Accuracy: 75.52%
Epoch [1/20], Batch [16/24], Loss: 1.3118, Accuracy: 73.95%
Epoch [1/20], Batch [17/24], Loss: 1.2887, Accuracy: 82.70%
Epoch [1/20], Batch [18/24], Loss: 1.1926, Accuracy: 72.36%
Epoch [1/20], Batch [19/24], Loss: 1.7300, Accuracy: 73.98%
Epoch [1/20], Batch [20/24], Loss: 1.2427, Accuracy: 64.23%
Epoch [1/20], Batch [21/24], Loss: 1.0703, Accuracy: 75.97%
Epoch [1/20], Batch [22/24], Loss: 1.1668, Accuracy: 82.50%
Epoch [1/20], Batch [23/24], Loss: 1.4873, Accuracy: 80.71%
Epoch [1/20], Batch [24/24], Loss: 1.5337, Accuracy: 64.76%
Epoch [1/20] Training Loss: 1.3367, Training Accuracy: 76.17%
Epoch [1/20] Validation Loss: 4.0278, Validation Accuracy: 11.78%
Epoch [2/20], Batch [1/24], Loss: 1.4163, Accuracy: 71.90%
Epoch [2/20], Batch [2/24], Loss: 1.1537, Accuracy: 80.22%
Epoch [2/20], Batch [3/24], Loss: 1.3346, Accuracy: 76.11%
Epoch [2/20], Batch [4/24], Loss: 0.9197, Accuracy: 75.13%
Epoch [2/20], Batch [5/24], Loss: 1.2937, Accuracy: 70.76%
Epoch [2/20], Batch [6/24], Loss: 1.3446, Accuracy: 79.53%
Epoch [2/20], Batch [7/24], Loss: 1.3843, Accuracy: 76.91%
Epoch [2/20], Batch [8/24], Loss: 1.2742, Accuracy: 79.00%
Epoch [2/20], Batch [9/24], Loss: 1.0846, Accuracy: 80.59%
Epoch [2/20], Batch [10/24], Loss: 1.7201, Accuracy: 79.64%
Epoch [2/20], Batch [11/24], Loss: 1.2258, Accuracy: 71.98%
Epoch [2/20], Batch [12/24], Loss: 1.2137, Accuracy: 91.77%
Epoch [2/20], Batch [13/24], Loss: 1.4213, Accuracy: 78.28%
Epoch [2/20], Batch [14/24], Loss: 1.6253, Accuracy: 82.91%
Epoch [2/20], Batch [15/24], Loss: 1.2017, Accuracy: 78.49%
Epoch [2/20], Batch [16/24], Loss: 1.0375, Accuracy: 81.36%
Epoch [2/20], Batch [17/24], Loss: 0.9487, Accuracy: 74.75%
Epoch [2/20], Batch [18/24], Loss: 1.2780, Accuracy: 82.24%
Epoch [2/20], Batch [19/24], Loss: 1.3867, Accuracy: 73.61%
Epoch [2/20], Batch [20/24], Loss: 1.0384, Accuracy: 67.97%
Epoch [2/20], Batch [21/24], Loss: 1.3071, Accuracy: 76.51%
Epoch [2/20], Batch [22/24], Loss: 1.0903, Accuracy: 67.25%
Epoch [2/20], Batch [23/24], Loss: 1.4560, Accuracy: 77.32%
Epoch [2/20], Batch [24/24], Loss: 1.4989, Accuracy: 79.30%
Epoch [2/20] Training Loss: 1.3107, Training Accuracy: 76.73%
Epoch [2/20] Validation Loss: 3.8935, Validation Accuracy: 14.17%
Epoch [3/20], Batch [1/24], Loss: 1.2703, Accuracy: 79.85%
Epoch [3/20], Batch [2/24], Loss: 1.0309, Accuracy: 81.82%
Epoch [3/20], Batch [3/24], Loss: 1.7869, Accuracy: 72.97%
Epoch [3/20], Batch [4/24], Loss: 1.3059, Accuracy: 76.92%
Epoch [3/20], Batch [5/24], Loss: 1.2579, Accuracy: 77.66%
Epoch [3/20], Batch [6/24], Loss: 1.2933, Accuracy: 82.82%
Epoch [3/20], Batch [7/24], Loss: 1.3782, Accuracy: 75.79%
Epoch [3/20], Batch [8/24], Loss: 1.2310, Accuracy: 78.07%
Epoch [3/20], Batch [9/24], Loss: 1.7615, Accuracy: 78.14%
Epoch [3/20], Batch [10/24], Loss: 1.1726, Accuracy: 72.42%
Epoch [3/20], Batch [11/24], Loss: 1.2861, Accuracy: 72.54%
Epoch [3/20], Batch [12/24], Loss: 1.2597, Accuracy: 78.11%
Epoch [3/20], Batch [13/24], Loss: 1.5796, Accuracy: 82.54%
Epoch [3/20], Batch [14/24], Loss: 0.8695, Accuracy: 72.48%
Epoch [3/20], Batch [15/24], Loss: 1.4634, Accuracy: 95.25%
Epoch [3/20], Batch [16/24], Loss: 0.9132, Accuracy: 73.69%
Epoch [3/20], Batch [17/24], Loss: 1.3257, Accuracy: 79.45%
Epoch [3/20], Batch [18/24], Loss: 1.3377, Accuracy: 75.48%
Epoch [3/20], Batch [19/24], Loss: 1.2915, Accuracy: 84.34%
Epoch [3/20], Batch [20/24], Loss: 1.4812, Accuracy: 74.36%
Epoch [3/20], Batch [21/24], Loss: 1.0753, Accuracy: 85.22%
Epoch [3/20], Batch [22/24], Loss: 1.3996, Accuracy: 73.91%
Epoch [3/20], Batch [23/24], Loss: 1.4752, Accuracy: 73.53%
Epoch [3/20], Batch [24/24], Loss: 1.3611, Accuracy: 79.43%
Epoch [3/20] Training Loss: 1.2846, Training Accuracy: 77.28%
Epoch [3/20] Validation Loss: 3.7592, Validation Accuracy: 16.56%
Epoch [4/20], Batch [1/24], Loss: 1.0080, Accuracy: 73.98%
Epoch [4/20], Batch [2/24], Loss: 1.3278, Accuracy: 74.17%
Epoch [4/20], Batch [3/24], Loss: 1.0356, Accuracy: 76.12%
Epoch [4/20], Batch [4/24], Loss: 1.3674, Accuracy: 74.68%
Epoch [4/20], Batch [5/24], Loss: 1.0766, Accuracy: 81.19%
Epoch [4/20], Batch [6/24], Loss: 1.0665, Accuracy: 75.15%
Epoch [4/20], Batch [7/24], Loss: 1.0659, Accuracy: 77.77%
Epoch [4/20], Batch [8/24], Loss: 1.2769, Accuracy: 86.77%
Epoch [4/20], Batch [9/24], Loss: 0.9582, Accuracy: 75.76%
Epoch [4/20], Batch [10/24], Loss: 1.0740, Accuracy: 72.11%
Epoch [4/20], Batch [11/24], Loss: 1.3319, Accuracy: 81.68%
Epoch [4/20], Batch [12/24], Loss: 0.7849, Accuracy: 72.62%
Epoch [4/20], Batch [13/24], Loss: 1.2535, Accuracy: 79.45%
Epoch [4/20], Batch [14/24], Loss: 1.1966, Accuracy: 85.50%
Epoch [4/20], Batch [15/24], Loss: 1.2485, Accuracy: 82.99%
Epoch [4/20], Batch [16/24], Loss: 1.2144, Accuracy: 83.93%
Epoch [4/20], Batch [17/24], Loss: 1.0353, Accuracy: 84.46%
Epoch [4/20], Batch [18/24], Loss: 1.2840, Accuracy: 83.44%
Epoch [4/20], Batch [19/24], Loss: 1.4124, Accuracy: 72.39%
Epoch [4/20], Batch [20/24], Loss: 0.7507, Accuracy: 75.58%
Epoch [4/20], Batch [21/24], Loss: 1.1619, Accuracy: 79.60%
Epoch [4/20], Batch [22/24], Loss: 1.4467, Accuracy: 79.25%
Epoch [4/20], Batch [23/24], Loss: 1.2996, Accuracy: 81.69%
Epoch [4/20], Batch [24/24], Loss: 1.1696, Accuracy: 81.99%
Epoch [4/20] Training Loss: 1.2586, Training Accuracy: 77.84%
Epoch [4/20] Validation Loss: 3.6250, Validation Accuracy: 18.95%
Epoch [5/20], Batch [1/24], Loss: 0.9345, Accuracy: 78.69%
Epoch [5/20], Batch [2/24], Loss: 1.2795, Accuracy: 80.50%
Epoch [5/20], Batch [3/24], Loss: 0.9220, Accuracy: 83.19%
Epoch [5/20], Batch [4/24], Loss: 1.1889, Accuracy: 70.52%
Epoch [5/20], Batch [5/24], Loss: 0.8788, Accuracy: 76.93%
Epoch [5/20], Batch [6/24], Loss: 0.8434, Accuracy: 89.66%
Epoch [5/20], Batch [7/24], Loss: 1.3358, Accuracy: 75.59%
Epoch [5/20], Batch [8/24], Loss: 1.5087, Accuracy: 69.12%
Epoch [5/20], Batch [9/24], Loss: 1.1964, Accuracy: 75.87%
Epoch [5/20], Batch [10/24], Loss: 1.4104, Accuracy: 73.69%
Epoch [5/20], Batch [11/24], Loss: 1.3014, Accuracy: 74.09%
Epoch [5/20], Batch [12/24], Loss: 1.0296, Accuracy: 79.21%
Epoch [5/20], Batch [13/24], Loss: 1.3873, Accuracy: 83.43%
Epoch [5/20], Batch [14/24], Loss: 1.3526, Accuracy: 86.61%
Epoch [5/20], Batch [15/24], Loss: 1.3986, Accuracy: 84.82%
Epoch [5/20], Batch [16/24], Loss: 1.5098, Accuracy: 79.64%
Epoch [5/20], Batch [17/24], Loss: 0.8934, Accuracy: 78.89%
Epoch [5/20], Batch [18/24], Loss: 1.2406, Accuracy: 74.44%
Epoch [5/20], Batch [19/24], Loss: 1.2309, Accuracy: 82.96%
Epoch [5/20], Batch [20/24], Loss: 1.0389, Accuracy: 85.91%
Epoch [5/20], Batch [21/24], Loss: 1.0523, Accuracy: 89.07%
Epoch [5/20], Batch [22/24], Loss: 1.4440, Accuracy: 82.40%
Epoch [5/20], Batch [23/24], Loss: 1.7748, Accuracy: 90.51%
Epoch [5/20], Batch [24/24], Loss: 1.2957, Accuracy: 81.94%
Epoch [5/20] Training Loss: 1.2326, Training Accuracy: 78.39%
Epoch [5/20] Validation Loss: 3.4907, Validation Accuracy: 21.34%
Epoch [6/20], Batch [1/24], Loss: 0.9955, Accuracy: 73.63%
Epoch [6/20], Batch [2/24], Loss: 1.1760, Accuracy: 76.12%
Epoch [6/20], Batch [3/24], Loss: 0.9591, Accuracy: 80.26%
Epoch [6/20], Batch [4/24], Loss: 1.4625, Accuracy: 79.85%
Epoch [6/20], Batch [5/24], Loss: 1.2602, Accuracy: 74.14%
Epoch [6/20], Batch [6/24], Loss: 1.1645, Accuracy: 70.44%
Epoch [6/20], Batch [7/24], Loss: 1.2547, Accuracy: 73.83%
Epoch [6/20], Batch [8/24], Loss: 0.9039, Accuracy: 74.09%
Epoch [6/20], Batch [9/24], Loss: 1.1202, Accuracy: 79.61%
Epoch [6/20], Batch [10/24], Loss: 1.1107, Accuracy: 78.38%
Epoch [6/20], Batch [11/24], Loss: 0.9841, Accuracy: 80.86%
Epoch [6/20], Batch [12/24], Loss: 1.2242, Accuracy: 77.23%
Epoch [6/20], Batch [13/24], Loss: 1.2534, Accuracy: 71.91%
Epoch [6/20], Batch [14/24], Loss: 0.9837, Accuracy: 71.98%
Epoch [6/20], Batch [15/24], Loss: 1.3287, Accuracy: 82.55%
Epoch [6/20], Batch [16/24], Loss: 1.4066, Accuracy: 86.71%
Epoch [6/20], Batch [17/24], Loss: 1.3864, Accuracy: 79.45%
Epoch [6/20], Batch [18/24], Loss: 1.1307, Accuracy: 77.74%
Epoch [6/20], Batch [19/24], Loss: 1.0051, Accuracy: 77.56%
Epoch [6/20], Batch [20/24], Loss: 1.1655, Accuracy: 80.09%
Epoch [6/20], Batch [21/24], Loss: 1.0913, Accuracy: 80.08%
Epoch [6/20], Batch [22/24], Loss: 1.0927, Accuracy: 78.84%
Epoch [6/20], Batch [23/24], Loss: 0.8974, Accuracy: 76.90%
Epoch [6/20], Batch [24/24], Loss: 1.3280, Accuracy: 83.56%
Epoch [6/20] Training Loss: 1.2065, Training Accuracy: 78.95%
Epoch [6/20] Validation Loss: 3.3564, Validation Accuracy: 23.73%
Epoch [7/20], Batch [1/24], Loss: 1.1475, Accuracy: 80.61%
Epoch [7/20], Batch [2/24], Loss: 1.2818, Accuracy: 71.00%
Epoch [7/20], Batch [3/24], Loss: 1.1712, Accuracy: 81.71%
Epoch [7/20], Batch [4/24], Loss: 1.2466, Accuracy: 83.50%
Epoch [7/20], Batch [5/24], Loss: 1.1985, Accuracy: 78.34%
Epoch [7/20], Batch [6/24], Loss: 1.1129, Accuracy: 80.90%
Epoch [7/20], Batch [7/24], Loss: 0.9046, Accuracy: 84.20%
Epoch [7/20], Batch [8/24], Loss: 1.3750, Accuracy: 74.67%
Epoch [7/20], Batch [9/24], Loss: 0.7129, Accuracy: 77.85%
Epoch [7/20], Batch [10/24], Loss: 1.2140, Accuracy: 82.52%
Epoch [7/20], Batch [11/24], Loss: 1.0507, Accuracy: 83.52%
Epoch [7/20], Batch [12/24], Loss: 1.3485, Accuracy: 79.23%
Epoch [7/20], Batch [13/24], Loss: 1.2501, Accuracy: 86.14%
Epoch [7/20], Batch [14/24], Loss: 0.8595, Accuracy: 81.40%
Epoch [7/20], Batch [15/24], Loss: 1.2185, Accuracy: 87.11%
Epoch [7/20], Batch [16/24], Loss: 1.5348, Accuracy: 76.03%
Epoch [7/20], Batch [17/24], Loss: 1.4951, Accuracy: 81.81%
Epoch [7/20], Batch [18/24], Loss: 1.4946, Accuracy: 85.34%
Epoch [7/20], Batch [19/24], Loss: 1.0993, Accuracy: 78.82%
Epoch [7/20], Batch [20/24], Loss: 1.1089, Accuracy: 69.28%
Epoch [7/20], Batch [21/24], Loss: 1.1420, Accuracy: 78.17%
Epoch [7/20], Batch [22/24], Loss: 1.3084, Accuracy: 73.40%
Epoch [7/20], Batch [23/24], Loss: 1.2856, Accuracy: 84.66%
Epoch [7/20], Batch [24/24], Loss: 1.0394, Accuracy: 87.77%
Epoch [7/20] Training Loss: 1.1805, Training Accuracy: 79.50%
Epoch [7/20] Validation Loss: 3.2221, Validation Accuracy: 26.12%
Epoch [8/20], Batch [1/24], Loss: 1.2732, Accuracy: 79.57%
Epoch [8/20], Batch [2/24], Loss: 1.0310, Accuracy: 78.96%
Epoch [8/20], Batch [3/24], Loss: 1.3451, Accuracy: 73.51%
Epoch [8/20], Batch [4/24], Loss: 0.7845, Accuracy: 84.52%
Epoch [8/20], Batch [5/24], Loss: 1.2370, Accuracy: 74.30%
Epoch [8/20], Batch [6/24], Loss: 1.5768, Accuracy: 75.58%
Epoch [8/20], Batch [7/24], Loss: 0.9711, Accuracy: 86.11%
Epoch [8/20], Batch [8/24], Loss: 1.4334, Accuracy: 84.08%
Epoch [8/20], Batch [9/24], Loss: 1.0657, Accuracy: 75.43%
Epoch [8/20], Batch [10/24], Loss: 1.1383, Accuracy: 77.82%
Epoch [8/20], Batch [11/24], Loss: 1.1116, Accuracy: 71.94%
Epoch [8/20], Batch [12/24], Loss: 1.1576, Accuracy: 81.60%
Epoch [8/20], Batch [13/24], Loss: 0.8039, Accuracy: 84.17%
Epoch [8/20], Batch [14/24], Loss: 1.4558, Accuracy: 70.15%
Epoch [8/20], Batch [15/24], Loss: 1.2056, Accuracy: 66.56%
Epoch [8/20], Batch [16/24], Loss: 1.3636, Accuracy: 75.42%
Epoch [8/20], Batch [17/24], Loss: 1.0391, Accuracy: 82.14%
Epoch [8/20], Batch [18/24], Loss: 1.0300, Accuracy: 80.52%
Epoch [8/20], Batch [19/24], Loss: 1.2193, Accuracy: 80.51%
Epoch [8/20], Batch [20/24], Loss: 1.3989, Accuracy: 78.38%
Epoch [8/20], Batch [21/24], Loss: 1.2214, Accuracy: 96.62%
Epoch [8/20], Batch [22/24], Loss: 1.2054, Accuracy: 84.23%
Epoch [8/20], Batch [23/24], Loss: 0.9427, Accuracy: 82.57%
Epoch [8/20], Batch [24/24], Loss: 1.0213, Accuracy: 87.59%
Epoch [8/20] Training Loss: 1.1545, Training Accuracy: 80.06%
Epoch [8/20] Validation Loss: 3.0878, Validation Accuracy: 28.51%
Epoch [9/20], Batch [1/24], Loss: 1.2088, Accuracy: 82.92%
Epoch [9/20], Batch [2/24], Loss: 0.6809, Accuracy: 79.02%
Epoch [9/20], Batch [3/24], Loss: 1.1934, Accuracy: 81.80%
Epoch [9/20], Batch [4/24], Loss: 0.9602, Accuracy: 80.33%
Epoch [9/20], Batch [5/24], Loss: 0.4905, Accuracy: 82.37%
Epoch [9/20], Batch [6/24], Loss: 1.0588, Accuracy: 81.40%
Epoch [9/20], Batch [7/24], Loss: 1.1859, Accuracy: 77.05%
Epoch [9/20], Batch [8/24], Loss: 1.1183, Accuracy: 83.34%
Epoch [9/20], Batch [9/24], Loss: 0.9873, Accuracy: 77.28%
Epoch [9/20], Batch [10/24], Loss: 1.2812, Accuracy: 77.29%
Epoch [9/20], Batch [11/24], Loss: 0.9990, Accuracy: 77.55%
Epoch [9/20], Batch [12/24], Loss: 1.0310, Accuracy: 91.67%
Epoch [9/20], Batch [13/24], Loss: 1.0578, Accuracy: 81.69%
Epoch [9/20], Batch [14/24], Loss: 1.1481, Accuracy: 86.76%
Epoch [9/20], Batch [15/24], Loss: 0.9715, Accuracy: 74.76%
Epoch [9/20], Batch [16/24], Loss: 0.9150, Accuracy: 76.35%
Epoch [9/20], Batch [17/24], Loss: 1.2638, Accuracy: 83.78%
Epoch [9/20], Batch [18/24], Loss: 1.0895, Accuracy: 82.84%
Epoch [9/20], Batch [19/24], Loss: 1.2150, Accuracy: 90.19%
Epoch [9/20], Batch [20/24], Loss: 1.3735, Accuracy: 85.60%
Epoch [9/20], Batch [21/24], Loss: 0.9722, Accuracy: 79.56%
Epoch [9/20], Batch [22/24], Loss: 1.4358, Accuracy: 87.31%
Epoch [9/20], Batch [23/24], Loss: 0.7912, Accuracy: 78.59%
Epoch [9/20], Batch [24/24], Loss: 1.2852, Accuracy: 85.95%
Epoch [9/20] Training Loss: 1.1284, Training Accuracy: 80.61%
Epoch [9/20] Validation Loss: 2.9536, Validation Accuracy: 30.90%
Epoch [10/20], Batch [1/24], Loss: 1.0645, Accuracy: 76.05%
Epoch [10/20], Batch [2/24], Loss: 1.3052, Accuracy: 77.95%
Epoch [10/20], Batch [3/24], Loss: 1.4316, Accuracy: 86.33%
Epoch [10/20], Batch [4/24], Loss: 1.1833, Accuracy: 76.96%
Epoch [10/20], Batch [5/24], Loss: 0.8834, Accuracy: 79.86%
Epoch [10/20], Batch [6/24], Loss: 1.0694, Accuracy: 82.44%
Epoch [10/20], Batch [7/24], Loss: 1.0597, Accuracy: 76.09%
Epoch [10/20], Batch [8/24], Loss: 1.1736, Accuracy: 81.43%
Epoch [10/20], Batch [9/24], Loss: 0.9977, Accuracy: 83.59%
Epoch [10/20], Batch [10/24], Loss: 0.8292, Accuracy: 72.09%
Epoch [10/20], Batch [11/24], Loss: 0.7669, Accuracy: 78.40%
Epoch [10/20], Batch [12/24], Loss: 1.0230, Accuracy: 79.82%
Epoch [10/20], Batch [13/24], Loss: 1.0279, Accuracy: 85.55%
Epoch [10/20], Batch [14/24], Loss: 1.1290, Accuracy: 79.28%
Epoch [10/20], Batch [15/24], Loss: 0.9559, Accuracy: 77.72%
Epoch [10/20], Batch [16/24], Loss: 1.4236, Accuracy: 75.98%
Epoch [10/20], Batch [17/24], Loss: 1.2661, Accuracy: 75.23%
Epoch [10/20], Batch [18/24], Loss: 1.4476, Accuracy: 86.49%
Epoch [10/20], Batch [19/24], Loss: 1.1593, Accuracy: 76.13%
Epoch [10/20], Batch [20/24], Loss: 1.1147, Accuracy: 70.90%
Epoch [10/20], Batch [21/24], Loss: 1.0711, Accuracy: 83.33%
Epoch [10/20], Batch [22/24], Loss: 1.2424, Accuracy: 76.35%
Epoch [10/20], Batch [23/24], Loss: 1.0973, Accuracy: 81.90%
Epoch [10/20], Batch [24/24], Loss: 0.7539, Accuracy: 89.67%
Epoch [10/20] Training Loss: 1.1024, Training Accuracy: 81.17%
Epoch [10/20] Validation Loss: 2.8193, Validation Accuracy: 33.29%
Epoch [11/20], Batch [1/24], Loss: 0.9321, Accuracy: 80.37%
Epoch [11/20], Batch [2/24], Loss: 1.1967, Accuracy: 83.63%
Epoch [11/20], Batch [3/24], Loss: 0.8418, Accuracy: 76.87%
Epoch [11/20], Batch [4/24], Loss: 0.8640, Accuracy: 89.96%
Epoch [11/20], Batch [5/24], Loss: 1.3297, Accuracy: 85.77%
Epoch [11/20], Batch [6/24], Loss: 0.8777, Accuracy: 76.31%
Epoch [11/20], Batch [7/24], Loss: 0.9594, Accuracy: 76.29%
Epoch [11/20], Batch [8/24], Loss: 1.0678, Accuracy: 82.04%
Epoch [11/20], Batch [9/24], Loss: 1.0465, Accuracy: 80.73%
Epoch [11/20], Batch [10/24], Loss: 0.9876, Accuracy: 87.11%
Epoch [11/20], Batch [11/24], Loss: 0.9408, Accuracy: 77.21%
Epoch [11/20], Batch [12/24], Loss: 0.9880, Accuracy: 75.99%
Epoch [11/20], Batch [13/24], Loss: 1.0961, Accuracy: 82.25%
Epoch [11/20], Batch [14/24], Loss: 1.2411, Accuracy: 76.44%
Epoch [11/20], Batch [15/24], Loss: 0.8416, Accuracy: 80.11%
Epoch [11/20], Batch [16/24], Loss: 1.3162, Accuracy: 88.52%
Epoch [11/20], Batch [17/24], Loss: 1.0238, Accuracy: 81.27%
Epoch [11/20], Batch [18/24], Loss: 1.3319, Accuracy: 71.96%
Epoch [11/20], Batch [19/24], Loss: 1.5128, Accuracy: 87.02%
Epoch [11/20], Batch [20/24], Loss: 1.2794, Accuracy: 83.31%
Epoch [11/20], Batch [21/24], Loss: 1.1071, Accuracy: 84.36%
Epoch [11/20], Batch [22/24], Loss: 1.2899, Accuracy: 78.90%
Epoch [11/20], Batch [23/24], Loss: 1.2481, Accuracy: 82.28%
Epoch [11/20], Batch [24/24], Loss: 1.0299, Accuracy: 84.01%
Epoch [11/20] Training Loss: 1.0764, Training Accuracy: 81.72%
Epoch [11/20] Validation Loss: 2.6850, Validation Accuracy: 35.67%
Epoch [12/20], Batch [1/24], Loss: 0.6914, Accuracy: 76.85%
Epoch [12/20], Batch [2/24], Loss: 1.2538, Accuracy: 81.71%
Epoch [12/20], Batch [3/24], Loss: 1.1670, Accuracy: 86.20%
Epoch [12/20], Batch [4/24], Loss: 1.1368, Accuracy: 88.72%
Epoch [12/20], Batch [5/24], Loss: 1.3869, Accuracy: 79.37%
Epoch [12/20], Batch [6/24], Loss: 1.0588, Accuracy: 72.46%
Epoch [12/20], Batch [7/24], Loss: 1.1098, Accuracy: 82.13%
Epoch [12/20], Batch [8/24], Loss: 0.9133, Accuracy: 83.84%
Epoch [12/20], Batch [9/24], Loss: 0.9438, Accuracy: 85.30%
Epoch [12/20], Batch [10/24], Loss: 1.0776, Accuracy: 85.26%
Epoch [12/20], Batch [11/24], Loss: 0.9189, Accuracy: 74.03%
Epoch [12/20], Batch [12/24], Loss: 0.8134, Accuracy: 81.07%
Epoch [12/20], Batch [13/24], Loss: 1.1270, Accuracy: 84.29%
Epoch [12/20], Batch [14/24], Loss: 1.0794, Accuracy: 69.87%
Epoch [12/20], Batch [15/24], Loss: 0.9653, Accuracy: 79.11%
Epoch [12/20], Batch [16/24], Loss: 0.6039, Accuracy: 74.96%
Epoch [12/20], Batch [17/24], Loss: 0.8940, Accuracy: 84.59%
Epoch [12/20], Batch [18/24], Loss: 1.0967, Accuracy: 86.63%
Epoch [12/20], Batch [19/24], Loss: 0.9015, Accuracy: 89.42%
Epoch [12/20], Batch [20/24], Loss: 1.0294, Accuracy: 81.54%
Epoch [12/20], Batch [21/24], Loss: 1.0123, Accuracy: 94.94%
Epoch [12/20], Batch [22/24], Loss: 0.8600, Accuracy: 81.24%
Epoch [12/20], Batch [23/24], Loss: 0.8896, Accuracy: 83.09%
Epoch [12/20], Batch [24/24], Loss: 1.5541, Accuracy: 89.14%
Epoch [12/20] Training Loss: 1.0504, Training Accuracy: 82.28%
Epoch [12/20] Validation Loss: 2.5507, Validation Accuracy: 38.06%
Epoch [13/20], Batch [1/24], Loss: 1.2670, Accuracy: 78.43%
Epoch [13/20], Batch [2/24], Loss: 1.0726, Accuracy: 88.44%
Epoch [13/20], Batch [3/24], Loss: 0.9184, Accuracy: 78.37%
Epoch [13/20], Batch [4/24], Loss: 1.1280, Accuracy: 85.29%
Epoch [13/20], Batch [5/24], Loss: 0.7935, Accuracy: 85.75%
Epoch [13/20], Batch [6/24], Loss: 0.9304, Accuracy: 81.29%
Epoch [13/20], Batch [7/24], Loss: 0.6927, Accuracy: 80.88%
Epoch [13/20], Batch [8/24], Loss: 0.6600, Accuracy: 89.10%
Epoch [13/20], Batch [9/24], Loss: 1.0339, Accuracy: 81.33%
Epoch [13/20], Batch [10/24], Loss: 0.9343, Accuracy: 82.73%
Epoch [13/20], Batch [11/24], Loss: 0.8730, Accuracy: 85.33%
Epoch [13/20], Batch [12/24], Loss: 1.1220, Accuracy: 74.73%
Epoch [13/20], Batch [13/24], Loss: 1.2576, Accuracy: 76.82%
Epoch [13/20], Batch [14/24], Loss: 1.4354, Accuracy: 79.69%
Epoch [13/20], Batch [15/24], Loss: 0.7085, Accuracy: 81.83%
Epoch [13/20], Batch [16/24], Loss: 0.9164, Accuracy: 83.49%
Epoch [13/20], Batch [17/24], Loss: 1.1204, Accuracy: 76.32%
Epoch [13/20], Batch [18/24], Loss: 0.9159, Accuracy: 76.01%
Epoch [13/20], Batch [19/24], Loss: 1.4479, Accuracy: 85.92%
Epoch [13/20], Batch [20/24], Loss: 0.9850, Accuracy: 88.49%
Epoch [13/20], Batch [21/24], Loss: 0.8892, Accuracy: 85.54%
Epoch [13/20], Batch [22/24], Loss: 1.1755, Accuracy: 79.70%
Epoch [13/20], Batch [23/24], Loss: 1.1171, Accuracy: 88.67%
Epoch [13/20], Batch [24/24], Loss: 0.8879, Accuracy: 84.50%
Epoch [13/20] Training Loss: 1.0243, Training Accuracy: 82.83%
Epoch [13/20] Validation Loss: 2.4165, Validation Accuracy: 40.45%
Epoch [14/20], Batch [1/24], Loss: 1.2378, Accuracy: 85.22%
Epoch [14/20], Batch [2/24], Loss: 1.0406, Accuracy: 77.94%
Epoch [14/20], Batch [3/24], Loss: 0.9104, Accuracy: 86.85%
Epoch [14/20], Batch [4/24], Loss: 1.1536, Accuracy: 82.30%
Epoch [14/20], Batch [5/24], Loss: 1.0200, Accuracy: 78.24%
Epoch [14/20], Batch [6/24], Loss: 1.3516, Accuracy: 82.70%
Epoch [14/20], Batch [7/24], Loss: 1.4585, Accuracy: 85.52%
Epoch [14/20], Batch [8/24], Loss: 1.2010, Accuracy: 78.62%
Epoch [14/20], Batch [9/24], Loss: 1.1151, Accuracy: 81.62%
Epoch [14/20], Batch [10/24], Loss: 1.1400, Accuracy: 87.95%
Epoch [14/20], Batch [11/24], Loss: 1.2440, Accuracy: 91.74%
Epoch [14/20], Batch [12/24], Loss: 0.8986, Accuracy: 81.38%
Epoch [14/20], Batch [13/24], Loss: 0.9843, Accuracy: 93.68%
Epoch [14/20], Batch [14/24], Loss: 1.1774, Accuracy: 84.23%
Epoch [14/20], Batch [15/24], Loss: 1.0570, Accuracy: 84.25%
Epoch [14/20], Batch [16/24], Loss: 1.0665, Accuracy: 84.81%
Epoch [14/20], Batch [17/24], Loss: 0.8409, Accuracy: 79.33%
Epoch [14/20], Batch [18/24], Loss: 1.4684, Accuracy: 80.86%
Epoch [14/20], Batch [19/24], Loss: 0.7155, Accuracy: 81.32%
Epoch [14/20], Batch [20/24], Loss: 1.0863, Accuracy: 86.96%
Epoch [14/20], Batch [21/24], Loss: 1.5375, Accuracy: 84.54%
Epoch [14/20], Batch [22/24], Loss: 0.7370, Accuracy: 74.59%
Epoch [14/20], Batch [23/24], Loss: 1.1126, Accuracy: 86.97%
Epoch [14/20], Batch [24/24], Loss: 1.0174, Accuracy: 75.20%
Epoch [14/20] Training Loss: 0.9983, Training Accuracy: 83.39%
Epoch [14/20] Validation Loss: 2.2822, Validation Accuracy: 42.84%
Epoch [15/20], Batch [1/24], Loss: 1.1163, Accuracy: 79.33%
Epoch [15/20], Batch [2/24], Loss: 1.2126, Accuracy: 78.66%
Epoch [15/20], Batch [3/24], Loss: 0.9474, Accuracy: 91.07%
Epoch [15/20], Batch [4/24], Loss: 0.7756, Accuracy: 87.48%
Epoch [15/20], Batch [5/24], Loss: 1.0611, Accuracy: 84.27%
Epoch [15/20], Batch [6/24], Loss: 1.1001, Accuracy: 82.53%
Epoch [15/20], Batch [7/24], Loss: 0.8074, Accuracy: 86.97%
Epoch [15/20], Batch [8/24], Loss: 0.7710, Accuracy: 77.01%
Epoch [15/20], Batch [9/24], Loss: 1.0079, Accuracy: 82.12%
Epoch [15/20], Batch [10/24], Loss: 0.8744, Accuracy: 85.25%
Epoch [15/20], Batch [11/24], Loss: 1.3691, Accuracy: 82.36%
Epoch [15/20], Batch [12/24], Loss: 0.9074, Accuracy: 88.17%
Epoch [15/20], Batch [13/24], Loss: 0.9333, Accuracy: 78.82%
Epoch [15/20], Batch [14/24], Loss: 0.8188, Accuracy: 81.18%
Epoch [15/20], Batch [15/24], Loss: 0.9355, Accuracy: 79.85%
Epoch [15/20], Batch [16/24], Loss: 0.5147, Accuracy: 81.60%
Epoch [15/20], Batch [17/24], Loss: 0.9617, Accuracy: 77.67%
Epoch [15/20], Batch [18/24], Loss: 1.2897, Accuracy: 85.91%
Epoch [15/20], Batch [19/24], Loss: 1.0404, Accuracy: 96.36%
Epoch [15/20], Batch [20/24], Loss: 0.7744, Accuracy: 77.18%
Epoch [15/20], Batch [21/24], Loss: 0.8390, Accuracy: 80.76%
Epoch [15/20], Batch [22/24], Loss: 1.3873, Accuracy: 76.07%
Epoch [15/20], Batch [23/24], Loss: 0.6561, Accuracy: 84.17%
Epoch [15/20], Batch [24/24], Loss: 0.7895, Accuracy: 87.68%
Epoch [15/20] Training Loss: 0.9723, Training Accuracy: 83.94%
Epoch [15/20] Validation Loss: 2.1479, Validation Accuracy: 45.23%
Epoch [16/20], Batch [1/24], Loss: 0.9760, Accuracy: 89.51%
Epoch [16/20], Batch [2/24], Loss: 1.0046, Accuracy: 79.23%
Epoch [16/20], Batch [3/24], Loss: 1.2354, Accuracy: 87.16%
Epoch [16/20], Batch [4/24], Loss: 1.0942, Accuracy: 89.35%
Epoch [16/20], Batch [5/24], Loss: 0.7932, Accuracy: 92.01%
Epoch [16/20], Batch [6/24], Loss: 1.0328, Accuracy: 82.61%
Epoch [16/20], Batch [7/24], Loss: 0.9674, Accuracy: 81.74%
Epoch [16/20], Batch [8/24], Loss: 1.0499, Accuracy: 94.30%
Epoch [16/20], Batch [9/24], Loss: 1.0745, Accuracy: 84.34%
Epoch [16/20], Batch [10/24], Loss: 0.6208, Accuracy: 86.04%
Epoch [16/20], Batch [11/24], Loss: 1.1629, Accuracy: 87.56%
Epoch [16/20], Batch [12/24], Loss: 0.8064, Accuracy: 84.10%
Epoch [16/20], Batch [13/24], Loss: 0.9523, Accuracy: 88.06%
Epoch [16/20], Batch [14/24], Loss: 0.7906, Accuracy: 88.37%
Epoch [16/20], Batch [15/24], Loss: 0.9248, Accuracy: 81.66%
Epoch [16/20], Batch [16/24], Loss: 0.7654, Accuracy: 87.70%
Epoch [16/20], Batch [17/24], Loss: 0.7982, Accuracy: 78.89%
Epoch [16/20], Batch [18/24], Loss: 1.2021, Accuracy: 79.54%
Epoch [16/20], Batch [19/24], Loss: 0.8701, Accuracy: 88.94%
Epoch [16/20], Batch [20/24], Loss: 1.2385, Accuracy: 86.16%
Epoch [16/20], Batch [21/24], Loss: 0.7848, Accuracy: 75.79%
Epoch [16/20], Batch [22/24], Loss: 0.6423, Accuracy: 80.19%
Epoch [16/20], Batch [23/24], Loss: 0.6312, Accuracy: 79.69%
Epoch [16/20], Batch [24/24], Loss: 0.9718, Accuracy: 77.42%
Epoch [16/20] Training Loss: 0.9462, Training Accuracy: 84.50%
Epoch [16/20] Validation Loss: 2.0136, Validation Accuracy: 47.62%
Epoch [17/20], Batch [1/24], Loss: 0.6086, Accuracy: 83.21%
Epoch [17/20], Batch [2/24], Loss: 0.9864, Accuracy: 86.20%
Epoch [17/20], Batch [3/24], Loss: 1.2764, Accuracy: 79.89%
Epoch [17/20], Batch [4/24], Loss: 1.2616, Accuracy: 76.02%
Epoch [17/20], Batch [5/24], Loss: 0.8831, Accuracy: 94.41%
Epoch [17/20], Batch [6/24], Loss: 0.7449, Accuracy: 93.05%
Epoch [17/20], Batch [7/24], Loss: 1.1892, Accuracy: 88.67%
Epoch [17/20], Batch [8/24], Loss: 0.6299, Accuracy: 84.34%
Epoch [17/20], Batch [9/24], Loss: 0.8355, Accuracy: 86.50%
Epoch [17/20], Batch [10/24], Loss: 0.6774, Accuracy: 98.34%
Epoch [17/20], Batch [11/24], Loss: 0.9507, Accuracy: 83.29%
Epoch [17/20], Batch [12/24], Loss: 1.0169, Accuracy: 84.41%
Epoch [17/20], Batch [13/24], Loss: 0.8455, Accuracy: 78.22%
Epoch [17/20], Batch [14/24], Loss: 0.6428, Accuracy: 82.78%
Epoch [17/20], Batch [15/24], Loss: 0.6842, Accuracy: 81.45%
Epoch [17/20], Batch [16/24], Loss: 0.9263, Accuracy: 89.02%
Epoch [17/20], Batch [17/24], Loss: 0.9701, Accuracy: 80.19%
Epoch [17/20], Batch [18/24], Loss: 1.2318, Accuracy: 85.55%
Epoch [17/20], Batch [19/24], Loss: 1.0128, Accuracy: 85.35%
Epoch [17/20], Batch [20/24], Loss: 0.8299, Accuracy: 91.03%
Epoch [17/20], Batch [21/24], Loss: 0.8858, Accuracy: 81.39%
Epoch [17/20], Batch [22/24], Loss: 0.2880, Accuracy: 85.74%
Epoch [17/20], Batch [23/24], Loss: 0.6831, Accuracy: 95.21%
Epoch [17/20], Batch [24/24], Loss: 1.0346, Accuracy: 93.16%
Epoch [17/20] Training Loss: 0.9202, Training Accuracy: 85.05%
Epoch [17/20] Validation Loss: 1.8793, Validation Accuracy: 50.01%
Epoch [18/20], Batch [1/24], Loss: 0.8886, Accuracy: 80.60%
Epoch [18/20], Batch [2/24], Loss: 0.9155, Accuracy: 84.85%
Epoch [18/20], Batch [3/24], Loss: 1.0707, Accuracy: 82.42%
Epoch [18/20], Batch [4/24], Loss: 0.9020, Accuracy: 89.22%
Epoch [18/20], Batch [5/24], Loss: 0.7786, Accuracy: 81.29%
Epoch [18/20], Batch [6/24], Loss: 0.6438, Accuracy: 73.16%
Epoch [18/20], Batch [7/24], Loss: 0.7851, Accuracy: 86.88%
Epoch [18/20], Batch [8/24], Loss: 1.1593, Accuracy: 85.61%
Epoch [18/20], Batch [9/24], Loss: 1.2586, Accuracy: 88.01%
Epoch [18/20], Batch [10/24], Loss: 0.8630, Accuracy: 86.03%
Epoch [18/20], Batch [11/24], Loss: 1.1382, Accuracy: 86.03%
Epoch [18/20], Batch [12/24], Loss: 1.1014, Accuracy: 88.39%
Epoch [18/20], Batch [13/24], Loss: 0.7087, Accuracy: 85.31%
Epoch [18/20], Batch [14/24], Loss: 1.0038, Accuracy: 87.86%
Epoch [18/20], Batch [15/24], Loss: 1.1094, Accuracy: 83.12%
Epoch [18/20], Batch [16/24], Loss: 1.0611, Accuracy: 76.64%
Epoch [18/20], Batch [17/24], Loss: 1.1304, Accuracy: 87.58%
Epoch [18/20], Batch [18/24], Loss: 0.5674, Accuracy: 83.05%
Epoch [18/20], Batch [19/24], Loss: 0.7414, Accuracy: 85.94%
Epoch [18/20], Batch [20/24], Loss: 0.8710, Accuracy: 87.16%
Epoch [18/20], Batch [21/24], Loss: 0.9227, Accuracy: 89.16%
Epoch [18/20], Batch [22/24], Loss: 1.1394, Accuracy: 86.01%
Epoch [18/20], Batch [23/24], Loss: 0.7334, Accuracy: 86.67%
Epoch [18/20], Batch [24/24], Loss: 1.1547, Accuracy: 86.99%
Epoch [18/20] Training Loss: 0.8942, Training Accuracy: 85.61%
Epoch [18/20] Validation Loss: 1.7451, Validation Accuracy: 52.40%
Epoch [19/20], Batch [1/24], Loss: 0.9986, Accuracy: 90.37%
Epoch [19/20], Batch [2/24], Loss: 0.7634, Accuracy: 80.28%
Epoch [19/20], Batch [3/24], Loss: 0.6810, Accuracy: 87.94%
Epoch [19/20], Batch [4/24], Loss: 0.9272, Accuracy: 92.80%
Epoch [19/20], Batch [5/24], Loss: 0.8845, Accuracy: 86.25%
Epoch [19/20], Batch [6/24], Loss: 0.8151, Accuracy: 86.02%
Epoch [19/20], Batch [7/24], Loss: 0.4447, Accuracy: 96.21%
Epoch [19/20], Batch [8/24], Loss: 0.5237, Accuracy: 90.52%
Epoch [19/20], Batch [9/24], Loss: 0.8448, Accuracy: 89.11%
Epoch [19/20], Batch [10/24], Loss: 0.8980, Accuracy: 92.54%
Epoch [19/20], Batch [11/24], Loss: 0.9490, Accuracy: 80.69%
Epoch [19/20], Batch [12/24], Loss: 1.1612, Accuracy: 86.53%
Epoch [19/20], Batch [13/24], Loss: 0.7074, Accuracy: 87.32%
Epoch [19/20], Batch [14/24], Loss: 0.6246, Accuracy: 75.48%
Epoch [19/20], Batch [15/24], Loss: 0.7044, Accuracy: 89.11%
Epoch [19/20], Batch [16/24], Loss: 0.8681, Accuracy: 92.75%
Epoch [19/20], Batch [17/24], Loss: 0.8574, Accuracy: 82.21%
Epoch [19/20], Batch [18/24], Loss: 1.0817, Accuracy: 82.29%
Epoch [19/20], Batch [19/24], Loss: 0.9518, Accuracy: 89.93%
Epoch [19/20], Batch [20/24], Loss: 1.2398, Accuracy: 73.74%
Epoch [19/20], Batch [21/24], Loss: 0.5699, Accuracy: 84.43%
Epoch [19/20], Batch [22/24], Loss: 0.8932, Accuracy: 78.89%
Epoch [19/20], Batch [23/24], Loss: 1.0806, Accuracy: 80.90%
Epoch [19/20], Batch [24/24], Loss: 0.7798, Accuracy: 80.11%
Epoch [19/20] Training Loss: 0.8681, Training Accuracy: 86.16%
Epoch [19/20] Validation Loss: 1.6108, Validation Accuracy: 54.79%
Epoch [20/20], Batch [1/24], Loss: 0.7721, Accuracy: 73.85%
Epoch [20/20], Batch [2/24], Loss: 0.7684, Accuracy: 74.10%
Epoch [20/20], Batch [3/24], Loss: 0.7640, Accuracy: 74.34%
Epoch [20/20], Batch [4/24], Loss: 0.7602, Accuracy: 74.59%
Epoch [20/20], Batch [5/24], Loss: 0.7561, Accuracy: 74.83%
Epoch [20/20], Batch [6/24], Loss: 0.7523, Accuracy: 75.07%
Epoch [20/20], Batch [7/24], Loss: 0.7485, Accuracy: 75.31%
Epoch [20/20], Batch [8/24], Loss: 0.7448, Accuracy: 75.55%
Epoch [20/20], Batch [9/24], Loss: 0.7412, Accuracy: 75.79%
Epoch [20/20], Batch [10/24], Loss: 0.7376, Accuracy: 76.02%
Epoch [20/20], Batch [11/24], Loss: 0.7341, Accuracy: 76.26%
Epoch [20/20], Batch [12/24], Loss: 0.7306, Accuracy: 76.49%
Epoch [20/20], Batch [13/24], Loss: 0.7272, Accuracy: 76.73%
Epoch [20/20], Batch [14/24], Loss: 0.7238, Accuracy: 76.96%
Epoch [20/20], Batch [15/24], Loss: 0.7205, Accuracy: 77.19%
Epoch [20/20], Batch [16/24], Loss: 0.7172, Accuracy: 77.42%
Epoch [20/20], Batch [17/24], Loss: 0.7140, Accuracy: 77.65%
Epoch [20/20], Batch [18/24], Loss: 0.7108, Accuracy: 77.87%
Epoch [20/20], Batch [19/24], Loss: 0.7076, Accuracy: 78.10%
Epoch [20/20], Batch [20/24], Loss: 0.7045, Accuracy: 78.32%
Epoch [20/20], Batch [21/24], Loss: 0.7014, Accuracy: 78.55%
Epoch [20/20], Batch [22/24], Loss: 0.6983, Accuracy: 78.77%
Epoch [20/20], Batch [23/24], Loss: 0.6953, Accuracy: 78.99%
Epoch [20/20], Batch [24/24], Loss: 0.6923, Accuracy: 79.21%
Epoch [20/20] Training Loss: 0.7298, Training Accuracy: 75.12%
Epoch [20/20] Validation Loss: 1.2044, Validation Accuracy: 50.72%
