nohup: 忽略输入
Processing videos, this may take a while ...
[DATASET] (1/2160) Loading video: DATASET/subidha/p4_f_subidha.mp4
[DATASET] (2/2160) Loading video: DATASET/subidha/p14_c_subidha.mp4
[DATASET] (3/2160) Loading video: DATASET/subidha/p1_f_subidha.mp4
[DATASET] (4/2160) Loading video: DATASET/subidha/p6_c_subidha.mp4
[DATASET] (5/2160) Loading video: DATASET/subidha/p12_f_subidha.mp4
[DATASET] (6/2160) Loading video: DATASET/subidha/p16_c_subidha.mp4
[DATASET] (7/2160) Loading video: DATASET/subidha/p11_c_subidha.mp4
[DATASET] (8/2160) Loading video: DATASET/subidha/p13_f_subidha.mp4
[DATASET] (9/2160) Loading video: DATASET/subidha/p4_c_subidha.mp4
[DATASET] (10/2160) Loading video: DATASET/subidha/p14_f_subidha.mp4
[DATASET] (11/2160) Loading video: DATASET/subidha/p1_c_subidha.mp4
[DATASET] (12/2160) Loading video: DATASET/subidha/p16_f_subidha.mp4
[DATASET] (13/2160) Loading video: DATASET/subidha/p2_f_subidha.mp4
[DATASET] (14/2160) Loading video: DATASET/subidha/p3_f_subidha.mp4
[DATASET] (15/2160) Loading video: DATASET/subidha/p7_f_subidha.mp4
[DATASET] (16/2160) Loading video: DATASET/subidha/p11_f_subidha.mp4
[DATASET] (17/2160) Loading video: DATASET/subidha/p13_c_subidha.mp4
[DATASET] (18/2160) Loading video: DATASET/subidha/p12_c_subidha.mp4
[DATASET] (19/2160) Loading video: DATASET/subidha/p15_c_subidha.mp4
[DATASET] (20/2160) Loading video: DATASET/subidha/p15_f_subidha.mp4
[DATASET] (21/2160) Loading video: DATASET/subidha/p8_c_subidha.mp4
[DATASET] (22/2160) Loading video: DATASET/subidha/p6_f_subidha.mp4
[DATASET] (23/2160) Loading video: DATASET/subidha/p7_c_subidha.mp4
[DATASET] (24/2160) Loading video: DATASET/subidha/p8_f_subidha.mp4
[DATASET] (25/2160) Loading video: DATASET/golarhaar/p3_f_golarhaar.mp4
[DATASET] (26/2160) Loading video: DATASET/golarhaar/p12_f_golarhaar.mp4
[DATASET] (27/2160) Loading video: DATASET/golarhaar/p13_f_golarhaar.mp4
[DATASET] (28/2160) Loading video: DATASET/golarhaar/p7_f_golarhaar.mp4
[DATASET] (29/2160) Loading video: DATASET/golarhaar/p7_c_golarhaar.mp4
[DATASET] (30/2160) Loading video: DATASET/golarhaar/p15_c_golarhaar.mp4
[DATASET] (31/2160) Loading video: DATASET/golarhaar/p16_f_golarhaar.mp4
[DATASET] (32/2160) Loading video: DATASET/golarhaar/p4_f_golarhaar.mp4
[DATASET] (33/2160) Loading video: DATASET/golarhaar/p11_f_golarhaar.mp4
[DATASET] (34/2160) Loading video: DATASET/golarhaar/p13_c_golarhaar.mp4
[DATASET] (35/2160) Loading video: DATASET/golarhaar/p8_f_golarhaar.mp4
[DATASET] (36/2160) Loading video: DATASET/golarhaar/p15_f_golarhaar.mp4
[DATASET] (37/2160) Loading video: DATASET/golarhaar/p11_c_golarhaar.mp4
[DATASET] (38/2160) Loading video: DATASET/golarhaar/p4_c_golarhaar.mp4
[DATASET] (39/2160) Loading video: DATASET/golarhaar/p6_c_golarhaar.mp4
[DATASET] (40/2160) Loading video: DATASET/golarhaar/p12_c_golarhaar.mp4
[DATASET] (41/2160) Loading video: DATASET/golarhaar/p14_c_golarhaar.mp4
[DATASET] (42/2160) Loading video: DATASET/golarhaar/p1_c_golarhaar.mp4
[DATASET] (43/2160) Loading video: DATASET/golarhaar/p2_f_golarhaar.mp4
[DATASET] (44/2160) Loading video: DATASET/golarhaar/p16_c_golarhaar.mp4
[DATASET] (45/2160) Loading video: DATASET/golarhaar/p1_f_golarhaar.mp4
[DATASET] (46/2160) Loading video: DATASET/golarhaar/p6_f_golarhaar.mp4
[DATASET] (47/2160) Loading video: DATASET/golarhaar/p8_c_golarhaar.mp4
[DATASET] (48/2160) Loading video: DATASET/golarhaar/p14_f_golarhaar.mp4
[DATASET] (49/2160) Loading video: DATASET/boro/p11_f_boro.mp4
[DATASET] (50/2160) Loading video: DATASET/boro/p2_f_boro.mp4
[DATASET] (51/2160) Loading video: DATASET/boro/p16_f_boro.mp4
[DATASET] (52/2160) Loading video: DATASET/boro/p1_f_boro.mp4
[DATASET] (53/2160) Loading video: DATASET/boro/p11_c_boro.mp4
[DATASET] (54/2160) Loading video: DATASET/boro/p3_f_boro.mp4
[DATASET] (55/2160) Loading video: DATASET/boro/p14_f_boro.mp4
[DATASET] (56/2160) Loading video: DATASET/boro/p15_c_boro.mp4
[DATASET] (57/2160) Loading video: DATASET/boro/p13_c_boro.mp4
[DATASET] (58/2160) Loading video: DATASET/boro/p14_c_boro.mp4
[DATASET] (59/2160) Loading video: DATASET/boro/p7_f_boro.mp4
[DATASET] (60/2160) Loading video: DATASET/boro/p8_c_boro.mp4
[DATASET] (61/2160) Loading video: DATASET/boro/p15_f_boro.mp4
[DATASET] (62/2160) Loading video: DATASET/boro/p7_c_boro.mp4
[DATASET] (63/2160) Loading video: DATASET/boro/p6_c_boro.mp4
[DATASET] (64/2160) Loading video: DATASET/boro/p16_c_boro.mp4
[DATASET] (65/2160) Loading video: DATASET/boro/p12_f_boro.mp4
[DATASET] (66/2160) Loading video: DATASET/boro/p1_c_boro.mp4
[DATASET] (67/2160) Loading video: DATASET/boro/p6_f_boro.mp4
[DATASET] (68/2160) Loading video: DATASET/boro/p8_f_boro.mp4
[DATASET] (69/2160) Loading video: DATASET/boro/p4_f_boro.mp4
[DATASET] (70/2160) Loading video: DATASET/boro/p4_c_boro.mp4
[DATASET] (71/2160) Loading video: DATASET/boro/p12_c_boro.mp4
[DATASET] (72/2160) Loading video: DATASET/boro/p13_f_boro.mp4
[DATASET] (73/2160) Loading video: DATASET/gach/p13_f_gach.mp4
[DATASET] (74/2160) Loading video: DATASET/gach/p12_f_gach.mp4
[DATASET] (75/2160) Loading video: DATASET/gach/p7_f_gach.mp4
[DATASET] (76/2160) Loading video: DATASET/gach/p8_c_gach.mp4
[DATASET] (77/2160) Loading video: DATASET/gach/p11_f_gach.mp4
[DATASET] (78/2160) Loading video: DATASET/gach/p6_f_gach.mp4
[DATASET] (79/2160) Loading video: DATASET/gach/p8_f_gach.mp4
[DATASET] (80/2160) Loading video: DATASET/gach/p13_c_gach.mp4
[DATASET] (81/2160) Loading video: DATASET/gach/p3_f_gach.mp4
[DATASET] (82/2160) Loading video: DATASET/gach/p16_c_gach.mp4
[DATASET] (83/2160) Loading video: DATASET/gach/p14_f_gach.mp4
[DATASET] (84/2160) Loading video: DATASET/gach/p6_c_gach.mp4
[DATASET] (85/2160) Loading video: DATASET/gach/p11_c_gach.mp4
[DATASET] (86/2160) Loading video: DATASET/gach/p14_c_gach.mp4
[DATASET] (87/2160) Loading video: DATASET/gach/p12_c_gach.mp4
[DATASET] (88/2160) Loading video: DATASET/gach/p1_c_gach.mp4
[DATASET] (89/2160) Loading video: DATASET/gach/p2_f_gach.mp4
[DATASET] (90/2160) Loading video: DATASET/gach/p4_c_gach.mp4
[DATASET] (91/2160) Loading video: DATASET/gach/p1_f_gach.mp4
[DATASET] (92/2160) Loading video: DATASET/gach/p15_f_gach.mp4
[DATASET] (93/2160) Loading video: DATASET/gach/p15_c_gach.mp4
[DATASET] (94/2160) Loading video: DATASET/gach/p4_f_gach.mp4
[DATASET] (95/2160) Loading video: DATASET/gach/p16_f_gach.mp4
[DATASET] (96/2160) Loading video: DATASET/gach/p7_c_gach.mp4
[DATASET] (97/2160) Loading video: DATASET/protijogita/p11_f_protijogita.mp4
[DATASET] (98/2160) Loading video: DATASET/protijogita/p8_f_protijogita.mp4
[DATASET] (99/2160) Loading video: DATASET/protijogita/p3_f_protijogita.mp4
[DATASET] (100/2160) Loading video: DATASET/protijogita/p7_f_protijogita.mp4
[DATASET] (101/2160) Loading video: DATASET/protijogita/p8_c_protijogita.mp4
[DATASET] (102/2160) Loading video: DATASET/protijogita/p13_c_protijogita.mp4
[DATASET] (103/2160) Loading video: DATASET/protijogita/p1_c_protijogita.mp4
[DATASET] (104/2160) Loading video: DATASET/protijogita/p4_f_protijogita.mp4
[DATASET] (105/2160) Loading video: DATASET/protijogita/p12_c_protijogita.mp4
[DATASET] (106/2160) Loading video: DATASET/protijogita/p15_f_protijogita.mp4
[DATASET] (107/2160) Loading video: DATASET/protijogita/p11_c_protijogita.mp4
[DATASET] (108/2160) Loading video: DATASET/protijogita/p6_f_protijogita.mp4
[DATASET] (109/2160) Loading video: DATASET/protijogita/p16_c_protijogita.mp4
[DATASET] (110/2160) Loading video: DATASET/protijogita/p16_f_protijogita.mp4
[DATASET] (111/2160) Loading video: DATASET/protijogita/p7_c_protijogita.mp4
[DATASET] (112/2160) Loading video: DATASET/protijogita/p13_f_protijogita.mp4
[DATASET] (113/2160) Loading video: DATASET/protijogita/p2_f_protijogita.mp4
[DATASET] (114/2160) Loading video: DATASET/protijogita/p1_f_protijogita.mp4
[DATASET] (115/2160) Loading video: DATASET/protijogita/p6_c_protijogita.mp4
[DATASET] (116/2160) Loading video: DATASET/protijogita/p14_c_protijogita.mp4
[DATASET] (117/2160) Loading video: DATASET/protijogita/p12_f_protijogita.mp4
[DATASET] (118/2160) Loading video: DATASET/protijogita/p15_c_protijogita.mp4
[DATASET] (119/2160) Loading video: DATASET/protijogita/p4_c_protijogita.mp4
[DATASET] (120/2160) Loading video: DATASET/protijogita/p14_f_protijogita.mp4
[DATASET] (121/2160) Loading video: DATASET/mask/p16_f_mask.mp4
[DATASET] (122/2160) Loading video: DATASET/mask/p4_c_mask.mp4
[DATASET] (123/2160) Loading video: DATASET/mask/p6_f_mask.mp4
[DATASET] (124/2160) Loading video: DATASET/mask/p11_c_mask.mp4
[DATASET] (125/2160) Loading video: DATASET/mask/p4_f_mask.mp4
[DATASET] (126/2160) Loading video: DATASET/mask/p3_f_mask.mp4
[DATASET] (127/2160) Loading video: DATASET/mask/p7_f_mask.mp4
[DATASET] (128/2160) Loading video: DATASET/mask/p16_c_mask.mp4
[DATASET] (129/2160) Loading video: DATASET/mask/p12_f_mask.mp4
[DATASET] (130/2160) Loading video: DATASET/mask/p14_f_mask.mp4
[DATASET] (131/2160) Loading video: DATASET/mask/p6_c_mask.mp4
[DATASET] (132/2160) Loading video: DATASET/mask/p14_c_mask.mp4
[DATASET] (133/2160) Loading video: DATASET/mask/p2_f_mask.mp4
[DATASET] (134/2160) Loading video: DATASET/mask/p15_c_mask.mp4
[DATASET] (135/2160) Loading video: DATASET/mask/p7_c_mask.mp4
[DATASET] (136/2160) Loading video: DATASET/mask/p1_c_mask.mp4
[DATASET] (137/2160) Loading video: DATASET/mask/p12_c_mask.mp4
[DATASET] (138/2160) Loading video: DATASET/mask/p8_f_mask.mp4
[DATASET] (139/2160) Loading video: DATASET/mask/p8_c_mask.mp4
[DATASET] (140/2160) Loading video: DATASET/mask/p11_f_mask.mp4
[DATASET] (141/2160) Loading video: DATASET/mask/p1_f_mask.mp4
[DATASET] (142/2160) Loading video: DATASET/mask/p13_f_mask.mp4
[DATASET] (143/2160) Loading video: DATASET/mask/p15_f_mask.mp4
[DATASET] (144/2160) Loading video: DATASET/mask/p13_c_mask.mp4
[DATASET] (145/2160) Loading video: DATASET/sajano/p14_c_sajano.mp4
[DATASET] (146/2160) Loading video: DATASET/sajano/p7_c_sajano.mp4
[DATASET] (147/2160) Loading video: DATASET/sajano/p16_c_sajano.mp4
[DATASET] (148/2160) Loading video: DATASET/sajano/p1_f_sajano.mp4
[DATASET] (149/2160) Loading video: DATASET/sajano/p13_f_sajano.mp4
[DATASET] (150/2160) Loading video: DATASET/sajano/p13_c_sajano.mp4
[DATASET] (151/2160) Loading video: DATASET/sajano/p14_f_sajano.mp4
[DATASET] (152/2160) Loading video: DATASET/sajano/p6_c_sajano.mp4
[DATASET] (153/2160) Loading video: DATASET/sajano/p4_c_sajano.mp4
[DATASET] (154/2160) Loading video: DATASET/sajano/p15_f_sajano.mp4
[DATASET] (155/2160) Loading video: DATASET/sajano/p8_c_sajano.mp4
[DATASET] (156/2160) Loading video: DATASET/sajano/p6_f_sajano.mp4
[DATASET] (157/2160) Loading video: DATASET/sajano/p11_c_sajano.mp4
[DATASET] (158/2160) Loading video: DATASET/sajano/p12_c_sajano.mp4
[DATASET] (159/2160) Loading video: DATASET/sajano/p15_c_sajano.mp4
[DATASET] (160/2160) Loading video: DATASET/sajano/p7_f_sajano.mp4
[DATASET] (161/2160) Loading video: DATASET/sajano/p12_f_sajano.mp4
[DATASET] (162/2160) Loading video: DATASET/sajano/p4_f_sajano.mp4
[DATASET] (163/2160) Loading video: DATASET/sajano/p11_f_sajano.mp4
[DATASET] (164/2160) Loading video: DATASET/sajano/p8_f_sajano.mp4
[DATASET] (165/2160) Loading video: DATASET/sajano/p16_f_sajano.mp4
[DATASET] (166/2160) Loading video: DATASET/sajano/p3_f_sajano.mp4
[DATASET] (167/2160) Loading video: DATASET/sajano/p1_c_sajano.mp4
[DATASET] (168/2160) Loading video: DATASET/sajano/p2_f_sajano.mp4
[DATASET] (169/2160) Loading video: DATASET/hata/p15_f_hata.mp4
[DATASET] (170/2160) Loading video: DATASET/hata/p16_c_hata.mp4
[DATASET] (171/2160) Loading video: DATASET/hata/p14_f_hata.mp4
[DATASET] (172/2160) Loading video: DATASET/hata/p11_c_hata.mp4
[DATASET] (173/2160) Loading video: DATASET/hata/p15_c_hata.mp4
[DATASET] (174/2160) Loading video: DATASET/hata/p7_f_hata.mp4
[DATASET] (175/2160) Loading video: DATASET/hata/p3_f_hata.mp4
[DATASET] (176/2160) Loading video: DATASET/hata/p1_c_hata.mp4
[DATASET] (177/2160) Loading video: DATASET/hata/p8_f_hata.mp4
[DATASET] (178/2160) Loading video: DATASET/hata/p2_f_hata.mp4
[DATASET] (179/2160) Loading video: DATASET/hata/p13_c_hata.mp4
[DATASET] (180/2160) Loading video: DATASET/hata/p13_f_hata.mp4
[DATASET] (181/2160) Loading video: DATASET/hata/p6_f_hata.mp4
[DATASET] (182/2160) Loading video: DATASET/hata/p12_f_hata.mp4
[DATASET] (183/2160) Loading video: DATASET/hata/p8_c_hata.mp4
[DATASET] (184/2160) Loading video: DATASET/hata/p11_f_hata.mp4
[DATASET] (185/2160) Loading video: DATASET/hata/p6_c_hata.mp4
[DATASET] (186/2160) Loading video: DATASET/hata/p4_c_hata.mp4
[DATASET] (187/2160) Loading video: DATASET/hata/p14_c_hata.mp4
[DATASET] (188/2160) Loading video: DATASET/hata/p1_f_hata.mp4
[DATASET] (189/2160) Loading video: DATASET/hata/p7_c_hata.mp4
[DATASET] (190/2160) Loading video: DATASET/hata/p16_f_hata.mp4
[DATASET] (191/2160) Loading video: DATASET/hata/p12_c_hata.mp4
[DATASET] (192/2160) Loading video: DATASET/hata/p4_f_hata.mp4
[DATASET] (193/2160) Loading video: DATASET/dudh/p1_f_dudh.mp4
[DATASET] (194/2160) Loading video: DATASET/dudh/p1_c_dudh.mp4
[DATASET] (195/2160) Loading video: DATASET/dudh/p4_c_dudh.mp4
[DATASET] (196/2160) Loading video: DATASET/dudh/p15_c_dudh.mp4
[DATASET] (197/2160) Loading video: DATASET/dudh/p16_f_dudh.mp4
[DATASET] (198/2160) Loading video: DATASET/dudh/p12_c_dudh.mp4
[DATASET] (199/2160) Loading video: DATASET/dudh/p3_f_dudh.mp4
[DATASET] (200/2160) Loading video: DATASET/dudh/p14_f_dudh.mp4
[DATASET] (201/2160) Loading video: DATASET/dudh/p6_c_dudh.mp4
[DATASET] (202/2160) Loading video: DATASET/dudh/p6_f_dudh.mp4
[DATASET] (203/2160) Loading video: DATASET/dudh/p14_c_dudh.mp4
[DATASET] (204/2160) Loading video: DATASET/dudh/p13_f_dudh.mp4
[DATASET] (205/2160) Loading video: DATASET/dudh/p7_c_dudh.mp4
[DATASET] (206/2160) Loading video: DATASET/dudh/p7_f_dudh.mp4
[DATASET] (207/2160) Loading video: DATASET/dudh/p15_f_dudh.mp4
[DATASET] (208/2160) Loading video: DATASET/dudh/p12_f_dudh.mp4
[DATASET] (209/2160) Loading video: DATASET/dudh/p2_f_dudh.mp4
[DATASET] (210/2160) Loading video: DATASET/dudh/p11_f_dudh.mp4
[DATASET] (211/2160) Loading video: DATASET/dudh/p16_c_dudh.mp4
[DATASET] (212/2160) Loading video: DATASET/dudh/p13_c_dudh.mp4
[DATASET] (213/2160) Loading video: DATASET/dudh/p8_f_dudh.mp4
[DATASET] (214/2160) Loading video: DATASET/dudh/p4_f_dudh.mp4
[DATASET] (215/2160) Loading video: DATASET/dudh/p8_c_dudh.mp4
[DATASET] (216/2160) Loading video: DATASET/dudh/p11_c_dudh.mp4
[DATASET] (217/2160) Loading video: DATASET/sahajjo/p2_f_sahajjo.mp4
[DATASET] (218/2160) Loading video: DATASET/sahajjo/p15_c_sahajjo.mp4
[DATASET] (219/2160) Loading video: DATASET/sahajjo/p6_c_sahajjo.mp4
[DATASET] (220/2160) Loading video: DATASET/sahajjo/p16_f_sahajjo.mp4
[DATASET] (221/2160) Loading video: DATASET/sahajjo/p8_c_sahajjo.mp4
[DATASET] (222/2160) Loading video: DATASET/sahajjo/p1_f_sahajjo.mp4
[DATASET] (223/2160) Loading video: DATASET/sahajjo/p13_c_sahajjo.mp4
[DATASET] (224/2160) Loading video: DATASET/sahajjo/p4_c_sahajjo.mp4
[DATASET] (225/2160) Loading video: DATASET/sahajjo/p6_f_sahajjo.mp4
[DATASET] (226/2160) Loading video: DATASET/sahajjo/p12_c_sahajjo.mp4
[DATASET] (227/2160) Loading video: DATASET/sahajjo/p3_f_sahajjo.mp4
[DATASET] (228/2160) Loading video: DATASET/sahajjo/p7_f_sahajjo.mp4
[DATASET] (229/2160) Loading video: DATASET/sahajjo/p4_f_sahajjo.mp4
[DATASET] (230/2160) Loading video: DATASET/sahajjo/p15_f_sahajjo.mp4
[DATASET] (231/2160) Loading video: DATASET/sahajjo/p11_f_sahajjo.mp4
[DATASET] (232/2160) Loading video: DATASET/sahajjo/p11_c_sahajjo.mp4
[DATASET] (233/2160) Loading video: DATASET/sahajjo/p13_f_sahajjo.mp4
[DATASET] (234/2160) Loading video: DATASET/sahajjo/p7_c_sahajjo.mp4
[DATASET] (235/2160) Loading video: DATASET/sahajjo/p14_c_sahajjo.mp4
[DATASET] (236/2160) Loading video: DATASET/sahajjo/p12_f_sahajjo.mp4
[DATASET] (237/2160) Loading video: DATASET/sahajjo/p1_c_sahajjo.mp4
[DATASET] (238/2160) Loading video: DATASET/sahajjo/p8_f_sahajjo.mp4
[DATASET] (239/2160) Loading video: DATASET/sahajjo/p16_c_sahajjo.mp4
[DATASET] (240/2160) Loading video: DATASET/sahajjo/p14_f_sahajjo.mp4
[DATASET] (241/2160) Loading video: DATASET/shirt/p3_f_shirt.mp4
[DATASET] (242/2160) Loading video: DATASET/shirt/p14_c_shirt.mp4
[DATASET] (243/2160) Loading video: DATASET/shirt/p8_c_shirt.mp4
[DATASET] (244/2160) Loading video: DATASET/shirt/p16_f_shirt.mp4
[DATASET] (245/2160) Loading video: DATASET/shirt/p7_f_shirt.mp4
[DATASET] (246/2160) Loading video: DATASET/shirt/p13_f_shirt.mp4
[DATASET] (247/2160) Loading video: DATASET/shirt/p1_f_shirt.mp4
[DATASET] (248/2160) Loading video: DATASET/shirt/p15_c_shirt.mp4
[DATASET] (249/2160) Loading video: DATASET/shirt/p16_c_shirt.mp4
[DATASET] (250/2160) Loading video: DATASET/shirt/p11_c_shirt.mp4
[DATASET] (251/2160) Loading video: DATASET/shirt/p2_f_shirt.mp4
[DATASET] (252/2160) Loading video: DATASET/shirt/p1_c_shirt.mp4
[DATASET] (253/2160) Loading video: DATASET/shirt/p11_f_shirt.mp4
[DATASET] (254/2160) Loading video: DATASET/shirt/p15_f_shirt.mp4
[DATASET] (255/2160) Loading video: DATASET/shirt/p12_c_shirt.mp4
[DATASET] (256/2160) Loading video: DATASET/shirt/p12_f_shirt.mp4
[DATASET] (257/2160) Loading video: DATASET/shirt/p8_f_shirt.mp4
[DATASET] (258/2160) Loading video: DATASET/shirt/p4_c_shirt.mp4
[DATASET] (259/2160) Loading video: DATASET/shirt/p13_c_shirt.mp4
[DATASET] (260/2160) Loading video: DATASET/shirt/p6_f_shirt.mp4
[DATASET] (261/2160) Loading video: DATASET/shirt/p14_f_shirt.mp4
[DATASET] (262/2160) Loading video: DATASET/shirt/p7_c_shirt.mp4
[DATASET] (263/2160) Loading video: DATASET/shirt/p6_c_shirt.mp4
[DATASET] (264/2160) Loading video: DATASET/shirt/p4_f_shirt.mp4
[DATASET] (265/2160) Loading video: DATASET/pakhi/p13_c_pakhi.mp4
[DATASET] (266/2160) Loading video: DATASET/pakhi/p6_c_pakhi.mp4
[DATASET] (267/2160) Loading video: DATASET/pakhi/p16_c_pakhi.mp4
[DATASET] (268/2160) Loading video: DATASET/pakhi/p6_f_pakhi.mp4
[DATASET] (269/2160) Loading video: DATASET/pakhi/p13_f_pakhi.mp4
[DATASET] (270/2160) Loading video: DATASET/pakhi/p1_c_pakhi.mp4
[DATASET] (271/2160) Loading video: DATASET/pakhi/p4_f_pakhi.mp4
[DATASET] (272/2160) Loading video: DATASET/pakhi/p7_f_pakhi.mp4
[DATASET] (273/2160) Loading video: DATASET/pakhi/p7_c_pakhi.mp4
[DATASET] (274/2160) Loading video: DATASET/pakhi/p4_c_pakhi.mp4
[DATASET] (275/2160) Loading video: DATASET/pakhi/p3_f_pakhi.mp4
[DATASET] (276/2160) Loading video: DATASET/pakhi/p2_f_pakhi.mp4
[DATASET] (277/2160) Loading video: DATASET/pakhi/p11_f_pakhi.mp4
[DATASET] (278/2160) Loading video: DATASET/pakhi/p11_c_pakhi.mp4
[DATASET] (279/2160) Loading video: DATASET/pakhi/p14_f_pakhi.mp4
[DATASET] (280/2160) Loading video: DATASET/pakhi/p8_c_pakhi.mp4
[DATASET] (281/2160) Loading video: DATASET/pakhi/p1_f_pakhi.mp4
[DATASET] (282/2160) Loading video: DATASET/pakhi/p15_f_pakhi.mp4
[DATASET] (283/2160) Loading video: DATASET/pakhi/p15_c_pakhi.mp4
[DATASET] (284/2160) Loading video: DATASET/pakhi/p12_f_pakhi.mp4
[DATASET] (285/2160) Loading video: DATASET/pakhi/p8_f_pakhi.mp4
[DATASET] (286/2160) Loading video: DATASET/pakhi/p16_f_pakhi.mp4
[DATASET] (287/2160) Loading video: DATASET/pakhi/p14_c_pakhi.mp4
[DATASET] (288/2160) Loading video: DATASET/pakhi/p12_c_pakhi.mp4
[DATASET] (289/2160) Loading video: DATASET/protigga/p6_c_protigga.mp4
[DATASET] (290/2160) Loading video: DATASET/protigga/p7_c_protigga.mp4
[DATASET] (291/2160) Loading video: DATASET/protigga/p7_f_protigga.mp4
[DATASET] (292/2160) Loading video: DATASET/protigga/p11_f_protigga.mp4
[DATASET] (293/2160) Loading video: DATASET/protigga/p15_f_protigga.mp4
[DATASET] (294/2160) Loading video: DATASET/protigga/p15_c_protigga.mp4
[DATASET] (295/2160) Loading video: DATASET/protigga/p2_f_protigga.mp4
[DATASET] (296/2160) Loading video: DATASET/protigga/p6_f_protigga.mp4
[DATASET] (297/2160) Loading video: DATASET/protigga/p1_c_protigga.mp4
[DATASET] (298/2160) Loading video: DATASET/protigga/p8_f_protigga.mp4
[DATASET] (299/2160) Loading video: DATASET/protigga/p14_c_protigga.mp4
[DATASET] (300/2160) Loading video: DATASET/protigga/p8_c_protigga.mp4
[DATASET] (301/2160) Loading video: DATASET/protigga/p13_f_protigga.mp4
[DATASET] (302/2160) Loading video: DATASET/protigga/p13_c_protigga.mp4
[DATASET] (303/2160) Loading video: DATASET/protigga/p12_c_protigga.mp4
[DATASET] (304/2160) Loading video: DATASET/protigga/p3_f_protigga.mp4
[DATASET] (305/2160) Loading video: DATASET/protigga/p16_f_protigga.mp4
[DATASET] (306/2160) Loading video: DATASET/protigga/p4_c_protigga.mp4
[DATASET] (307/2160) Loading video: DATASET/protigga/p12_f_protigga.mp4
[DATASET] (308/2160) Loading video: DATASET/protigga/p4_f_protigga.mp4
[DATASET] (309/2160) Loading video: DATASET/protigga/p16_c_protigga.mp4
[DATASET] (310/2160) Loading video: DATASET/protigga/p14_f_protigga.mp4
[DATASET] (311/2160) Loading video: DATASET/protigga/p11_c_protigga.mp4
[DATASET] (312/2160) Loading video: DATASET/protigga/p1_f_protigga.mp4
[DATASET] (313/2160) Loading video: DATASET/moja/p8_c_moja.mp4
[DATASET] (314/2160) Loading video: DATASET/moja/p1_c_moja.mp4
[DATASET] (315/2160) Loading video: DATASET/moja/p4_f_moja.mp4
[DATASET] (316/2160) Loading video: DATASET/moja/p15_c_moja.mp4
[DATASET] (317/2160) Loading video: DATASET/moja/p11_f_moja.mp4
[DATASET] (318/2160) Loading video: DATASET/moja/p2_f_moja.mp4
[DATASET] (319/2160) Loading video: DATASET/moja/p4_c_moja.mp4
[DATASET] (320/2160) Loading video: DATASET/moja/p6_f_moja.mp4
[DATASET] (321/2160) Loading video: DATASET/moja/p7_c_moja.mp4
[DATASET] (322/2160) Loading video: DATASET/moja/p1_f_moja.mp4
[DATASET] (323/2160) Loading video: DATASET/moja/p11_c_moja.mp4
[DATASET] (324/2160) Loading video: DATASET/moja/p15_f_moja.mp4
[DATASET] (325/2160) Loading video: DATASET/moja/p6_c_moja.mp4
[DATASET] (326/2160) Loading video: DATASET/moja/p12_f_moja.mp4
[DATASET] (327/2160) Loading video: DATASET/moja/p7_f_moja.mp4
[DATASET] (328/2160) Loading video: DATASET/moja/p3_f_moja.mp4
[DATASET] (329/2160) Loading video: DATASET/moja/p12_c_moja.mp4
[DATASET] (330/2160) Loading video: DATASET/moja/p16_c_moja.mp4
[DATASET] (331/2160) Loading video: DATASET/moja/p8_f_moja.mp4
[DATASET] (332/2160) Loading video: DATASET/moja/p13_c_moja.mp4
[DATASET] (333/2160) Loading video: DATASET/moja/p16_f_moja.mp4
[DATASET] (334/2160) Loading video: DATASET/moja/p14_c_moja.mp4
[DATASET] (335/2160) Loading video: DATASET/moja/p13_f_moja.mp4
[DATASET] (336/2160) Loading video: DATASET/moja/p14_f_moja.mp4
[DATASET] (337/2160) Loading video: DATASET/chikitsha/p2_f_chikitsha.mp4
[DATASET] (338/2160) Loading video: DATASET/chikitsha/p16_f_chikitsha.mp4
[DATASET] (339/2160) Loading video: DATASET/chikitsha/p12_c_chikitsha.mp4
[DATASET] (340/2160) Loading video: DATASET/chikitsha/p4_f_chikitsha.mp4
[DATASET] (341/2160) Loading video: DATASET/chikitsha/p6_c_chikitsha.mp4
[DATASET] (342/2160) Loading video: DATASET/chikitsha/p8_f_chikitsha.mp4
[DATASET] (343/2160) Loading video: DATASET/chikitsha/p11_c_chikitsha.mp4
[DATASET] (344/2160) Loading video: DATASET/chikitsha/p13_f_chikitsha.mp4
[DATASET] (345/2160) Loading video: DATASET/chikitsha/p6_f_chikitsha.mp4
[DATASET] (346/2160) Loading video: DATASET/chikitsha/p1_f_chikitsa.mp4
[DATASET] (347/2160) Loading video: DATASET/chikitsha/p12_f_chikitsha.mp4
[DATASET] (348/2160) Loading video: DATASET/chikitsha/p14_f_chikitsha.mp4
[DATASET] (349/2160) Loading video: DATASET/chikitsha/p7_c_chikitsha.mp4
[DATASET] (350/2160) Loading video: DATASET/chikitsha/p16_c_chikitsha.mp4
[DATASET] (351/2160) Loading video: DATASET/chikitsha/p11_f_chikitsha.mp4
[DATASET] (352/2160) Loading video: DATASET/chikitsha/p15_c_chikitsha.mp4
[DATASET] (353/2160) Loading video: DATASET/chikitsha/p13_c_chikitsha.mp4
[DATASET] (354/2160) Loading video: DATASET/chikitsha/p7_f_chikitsha.mp4
[DATASET] (355/2160) Loading video: DATASET/chikitsha/p15_f_chikitsha.mp4
[DATASET] (356/2160) Loading video: DATASET/chikitsha/p4_c_chikitsha.mp4
[DATASET] (357/2160) Loading video: DATASET/chikitsha/p1_c_chikitsha.mp4
[DATASET] (358/2160) Loading video: DATASET/chikitsha/p8_c_chikitsha.mp4
[DATASET] (359/2160) Loading video: DATASET/chikitsha/p3_f_chikitsha.mp4
[DATASET] (360/2160) Loading video: DATASET/chikitsha/p14_c_chikitsha.mp4
[DATASET] (361/2160) Loading video: DATASET/bondhu/p4_f_bondhu.mp4
[DATASET] (362/2160) Loading video: DATASET/bondhu/p12_f_bondhu.mp4
[DATASET] (363/2160) Loading video: DATASET/bondhu/p6_f_bondhu.mp4
[DATASET] (364/2160) Loading video: DATASET/bondhu/p16_f_bondhu.mp4
[DATASET] (365/2160) Loading video: DATASET/bondhu/p2_f_bondhu.mp4
[DATASET] (366/2160) Loading video: DATASET/bondhu/p14_f_bondhu.mp4
[DATASET] (367/2160) Loading video: DATASET/bondhu/p3_f_bondhu.mp4
[DATASET] (368/2160) Loading video: DATASET/bondhu/p11_f_bondhu.mp4
[DATASET] (369/2160) Loading video: DATASET/bondhu/p8_c_bondhu.mp4
[DATASET] (370/2160) Loading video: DATASET/bondhu/p16_c_bondhu.mp4
[DATASET] (371/2160) Loading video: DATASET/bondhu/p6_c_bondhu.mp4
[DATASET] (372/2160) Loading video: DATASET/bondhu/p4_c_bondhu.mp4
[DATASET] (373/2160) Loading video: DATASET/bondhu/p1_f_bondhu.mp4
[DATASET] (374/2160) Loading video: DATASET/bondhu/p1_c_bondhu.mp4
[DATASET] (375/2160) Loading video: DATASET/bondhu/p11_c_bondhu.mp4
[DATASET] (376/2160) Loading video: DATASET/bondhu/p13_c_bondhu.mp4
[DATASET] (377/2160) Loading video: DATASET/bondhu/p15_c_bondhu.mp4
[DATASET] (378/2160) Loading video: DATASET/bondhu/p7_f_bondhu.mp4
[DATASET] (379/2160) Loading video: DATASET/bondhu/p14_c_bondhu.mp4
[DATASET] (380/2160) Loading video: DATASET/bondhu/p7_c_bondhu.mp4
[DATASET] (381/2160) Loading video: DATASET/bondhu/p12_c_bondhu.mp4
[DATASET] (382/2160) Loading video: DATASET/bondhu/p13_f_bondhu.mp4
[DATASET] (383/2160) Loading video: DATASET/bondhu/p15_f_bondhu.mp4
[DATASET] (384/2160) Loading video: DATASET/bondhu/p8_f_bondhu.mp4
[DATASET] (385/2160) Loading video: DATASET/mehman/p4_f_mehman.mp4
[DATASET] (386/2160) Loading video: DATASET/mehman/p13_f_mehman.mp4
[DATASET] (387/2160) Loading video: DATASET/mehman/p11_c_mehman.mp4
[DATASET] (388/2160) Loading video: DATASET/mehman/p12_f_mehman.mp4
[DATASET] (389/2160) Loading video: DATASET/mehman/p3_f_mehman.mp4
[DATASET] (390/2160) Loading video: DATASET/mehman/p13_c_mehman.mp4
[DATASET] (391/2160) Loading video: DATASET/mehman/p1_f_mehman.mp4
[DATASET] (392/2160) Loading video: DATASET/mehman/p6_c_mehman.mp4
[DATASET] (393/2160) Loading video: DATASET/mehman/p8_f_mehman.mp4
[DATASET] (394/2160) Loading video: DATASET/mehman/p14_f_mehman.mp4
[DATASET] (395/2160) Loading video: DATASET/mehman/p15_c_mehman.mp4
[DATASET] (396/2160) Loading video: DATASET/mehman/p11_f_mehman.mp4
[DATASET] (397/2160) Loading video: DATASET/mehman/p7_f_mehman.mp4
[DATASET] (398/2160) Loading video: DATASET/mehman/p16_c_mehman.mp4
[DATASET] (399/2160) Loading video: DATASET/mehman/p2_f_mehman.mp4
[DATASET] (400/2160) Loading video: DATASET/mehman/p1_c_mehman.mp4
[DATASET] (401/2160) Loading video: DATASET/mehman/p12_c_mehman.mp4
[DATASET] (402/2160) Loading video: DATASET/mehman/p14_c_mehman.mp4
[DATASET] (403/2160) Loading video: DATASET/mehman/p16_f_mehman.mp4
[DATASET] (404/2160) Loading video: DATASET/mehman/p7_c_mehman.mp4
[DATASET] (405/2160) Loading video: DATASET/mehman/p8_c_mehman.mp4
[DATASET] (406/2160) Loading video: DATASET/mehman/p4_c_mehman.mp4
[DATASET] (407/2160) Loading video: DATASET/mehman/p15_f_mehman.mp4
[DATASET] (408/2160) Loading video: DATASET/mehman/p6_f_mehman.mp4
[DATASET] (409/2160) Loading video: DATASET/mosha/p6_c_mosha.mp4
[DATASET] (410/2160) Loading video: DATASET/mosha/p7_f_mosha.mp4
[DATASET] (411/2160) Loading video: DATASET/mosha/p12_c_mosha.mp4
[DATASET] (412/2160) Loading video: DATASET/mosha/p1_c_mosha.mp4
[DATASET] (413/2160) Loading video: DATASET/mosha/p12_f_mosha.mp4
[DATASET] (414/2160) Loading video: DATASET/mosha/p7_c_mosha.mp4
[DATASET] (415/2160) Loading video: DATASET/mosha/p15_c_mosha.mp4
[DATASET] (416/2160) Loading video: DATASET/mosha/p13_f_mosha.mp4
[DATASET] (417/2160) Loading video: DATASET/mosha/p6_f_mosha.mp4
[DATASET] (418/2160) Loading video: DATASET/mosha/p14_c_mosha.mp4
[DATASET] (419/2160) Loading video: DATASET/mosha/p16_f_mosha.mp4
[DATASET] (420/2160) Loading video: DATASET/mosha/p4_c_mosha.mp4
[DATASET] (421/2160) Loading video: DATASET/mosha/p4_f_mosha.mp4
[DATASET] (422/2160) Loading video: DATASET/mosha/p1_f_mosha.mp4
[DATASET] (423/2160) Loading video: DATASET/mosha/p14_f_mosha.mp4
[DATASET] (424/2160) Loading video: DATASET/mosha/p13_c_mosha.mp4
[DATASET] (425/2160) Loading video: DATASET/mosha/p11_c_mosha.mp4
[DATASET] (426/2160) Loading video: DATASET/mosha/p11_f_mosha.mp4
[DATASET] (427/2160) Loading video: DATASET/mosha/p8_c_mosha.mp4
[DATASET] (428/2160) Loading video: DATASET/mosha/p2_f_mosha.mp4
[DATASET] (429/2160) Loading video: DATASET/mosha/p16_c_mosha.mp4
[DATASET] (430/2160) Loading video: DATASET/mosha/p15_f_mosha.mp4
[DATASET] (431/2160) Loading video: DATASET/mosha/p3_f_mosha.mp4
[DATASET] (432/2160) Loading video: DATASET/mosha/p8_f_mosha.mp4
[DATASET] (433/2160) Loading video: DATASET/somporko/p4_f_somporko.mp4
[DATASET] (434/2160) Loading video: DATASET/somporko/p13_c_somporko.mp4
[DATASET] (435/2160) Loading video: DATASET/somporko/p2_f_somporko.mp4
[DATASET] (436/2160) Loading video: DATASET/somporko/p16_c_somporko.mp4
[DATASET] (437/2160) Loading video: DATASET/somporko/p8_c_somporko.mp4
[DATASET] (438/2160) Loading video: DATASET/somporko/p6_c_somporko.mp4
[DATASET] (439/2160) Loading video: DATASET/somporko/p11_f_somporko.mp4
[DATASET] (440/2160) Loading video: DATASET/somporko/p12_f_somporko.mp4
[DATASET] (441/2160) Loading video: DATASET/somporko/p12_c_somporko.mp4
[DATASET] (442/2160) Loading video: DATASET/somporko/p15_c_somporko.mp4
[DATASET] (443/2160) Loading video: DATASET/somporko/p14_f_somporko.mp4
[DATASET] (444/2160) Loading video: DATASET/somporko/p1_f_somporko.mp4
[DATASET] (445/2160) Loading video: DATASET/somporko/p6_f_somporko.mp4
[DATASET] (446/2160) Loading video: DATASET/somporko/p15_f_somporko.mp4
[DATASET] (447/2160) Loading video: DATASET/somporko/p7_c_somporko.mp4
[DATASET] (448/2160) Loading video: DATASET/somporko/p8_f_somporko.mp4
[DATASET] (449/2160) Loading video: DATASET/somporko/p16_f_somporko.mp4
[DATASET] (450/2160) Loading video: DATASET/somporko/p4_c_somporko.mp4
[DATASET] (451/2160) Loading video: DATASET/somporko/p14_c_somporko.mp4
[DATASET] (452/2160) Loading video: DATASET/somporko/p1_c_somporko.mp4
[DATASET] (453/2160) Loading video: DATASET/somporko/p7_f_somporko.mp4
[DATASET] (454/2160) Loading video: DATASET/somporko/p11_c_somporko.mp4
[DATASET] (455/2160) Loading video: DATASET/somporko/p13_f_somporko.mp4
[DATASET] (456/2160) Loading video: DATASET/somporko/p3_f_somporko.mp4
[DATASET] (457/2160) Loading video: DATASET/virus/p16_c_virus.mp4
[DATASET] (458/2160) Loading video: DATASET/virus/p15_f_virus.mp4
[DATASET] (459/2160) Loading video: DATASET/virus/p2_f_virus.mp4
[DATASET] (460/2160) Loading video: DATASET/virus/p12_c_virus.mp4
[DATASET] (461/2160) Loading video: DATASET/virus/p11_c_virus.mp4
[DATASET] (462/2160) Loading video: DATASET/virus/p8_f_virus.mp4
[DATASET] (463/2160) Loading video: DATASET/virus/p14_c_virus.mp4
[DATASET] (464/2160) Loading video: DATASET/virus/p15_c_virus.mp4
[DATASET] (465/2160) Loading video: DATASET/virus/p16_f_virus.mp4
[DATASET] (466/2160) Loading video: DATASET/virus/p3_f_virus.mp4
[DATASET] (467/2160) Loading video: DATASET/virus/p13_c_virus.mp4
[DATASET] (468/2160) Loading video: DATASET/virus/p13_f_virus.mp4
[DATASET] (469/2160) Loading video: DATASET/virus/p7_f_virus.mp4
[DATASET] (470/2160) Loading video: DATASET/virus/p8_c_virus.mp4
[DATASET] (471/2160) Loading video: DATASET/virus/p14_f_virus.mp4
[DATASET] (472/2160) Loading video: DATASET/virus/p6_f_virus.mp4
[DATASET] (473/2160) Loading video: DATASET/virus/p12_f_virus.mp4
[DATASET] (474/2160) Loading video: DATASET/virus/p6_c_virus.mp4
[DATASET] (475/2160) Loading video: DATASET/virus/p1_f_virus.mp4
[DATASET] (476/2160) Loading video: DATASET/virus/p11_f_virus.mp4
[DATASET] (477/2160) Loading video: DATASET/virus/p4_c_virus.mp4
[DATASET] (478/2160) Loading video: DATASET/virus/p7_c_virus.mp4
[DATASET] (479/2160) Loading video: DATASET/virus/p1_c_virus.mp4
[DATASET] (480/2160) Loading video: DATASET/virus/p4_f_virus.mp4
[DATASET] (481/2160) Loading video: DATASET/baari/p1_f_baari.mp4
[DATASET] (482/2160) Loading video: DATASET/baari/p16_f_baari.mp4
[DATASET] (483/2160) Loading video: DATASET/baari/p8_c_baari.mp4
[DATASET] (484/2160) Loading video: DATASET/baari/p12_f_baari.mp4
[DATASET] (485/2160) Loading video: DATASET/baari/p1_c_baari.mp4
[DATASET] (486/2160) Loading video: DATASET/baari/p4_f_baari.mp4
[DATASET] (487/2160) Loading video: DATASET/baari/p15_c_baari.mp4
[DATASET] (488/2160) Loading video: DATASET/baari/p11_c_baari.mp4
[DATASET] (489/2160) Loading video: DATASET/baari/p14_c_baari.mp4
[DATASET] (490/2160) Loading video: DATASET/baari/p4_c_baari.mp4
[DATASET] (491/2160) Loading video: DATASET/baari/p15_f_baari.mp4
[DATASET] (492/2160) Loading video: DATASET/baari/p6_f_baari.mp4
[DATASET] (493/2160) Loading video: DATASET/baari/p16_c_baari.mp4
[DATASET] (494/2160) Loading video: DATASET/baari/p7_c_baari.mp4
[DATASET] (495/2160) Loading video: DATASET/baari/p8_f_baari.mp4
[DATASET] (496/2160) Loading video: DATASET/baari/p13_c_baari.mp4
[DATASET] (497/2160) Loading video: DATASET/baari/p11_f_baari.mp4
[DATASET] (498/2160) Loading video: DATASET/baari/p14_f_baari.mp4
[DATASET] (499/2160) Loading video: DATASET/baari/p13_f_baari.mp4
[DATASET] (500/2160) Loading video: DATASET/baari/p3_f_baari.mp4
[DATASET] (501/2160) Loading video: DATASET/baari/p2_f_baari.mp4
[DATASET] (502/2160) Loading video: DATASET/baari/p7_f_baari.mp4
[DATASET] (503/2160) Loading video: DATASET/baari/p6_c_baari.mp4
[DATASET] (504/2160) Loading video: DATASET/baari/p12_c_baari.mp4
[DATASET] (505/2160) Loading video: DATASET/plate/p6_f_plate.mp4
[DATASET] (506/2160) Loading video: DATASET/plate/p14_f_plate.mp4
[DATASET] (507/2160) Loading video: DATASET/plate/p13_c_plate.mp4
[DATASET] (508/2160) Loading video: DATASET/plate/p16_c_plate.mp4
[DATASET] (509/2160) Loading video: DATASET/plate/p1_f_plate.mp4
[DATASET] (510/2160) Loading video: DATASET/plate/p7_f_plate.mp4
[DATASET] (511/2160) Loading video: DATASET/plate/p1_c_plate.mp4
[DATASET] (512/2160) Loading video: DATASET/plate/p8_f_plate.mp4
[DATASET] (513/2160) Loading video: DATASET/plate/p16_f_plate.mp4
[DATASET] (514/2160) Loading video: DATASET/plate/p12_c_plate.mp4
[DATASET] (515/2160) Loading video: DATASET/plate/p3_f_plate.mp4
[DATASET] (516/2160) Loading video: DATASET/plate/p12_f_plate.mp4
[DATASET] (517/2160) Loading video: DATASET/plate/p15_c_plate.mp4
[DATASET] (518/2160) Loading video: DATASET/plate/p11_f_plate.mp4
[DATASET] (519/2160) Loading video: DATASET/plate/p11_c_plate.mp4
[DATASET] (520/2160) Loading video: DATASET/plate/p4_f_plate.mp4
[DATASET] (521/2160) Loading video: DATASET/plate/p8_c_plate.mp4
[DATASET] (522/2160) Loading video: DATASET/plate/p6_c_plate.mp4
[DATASET] (523/2160) Loading video: DATASET/plate/p2_f_plate.mp4
[DATASET] (524/2160) Loading video: DATASET/plate/p15_f_plate.mp4
[DATASET] (525/2160) Loading video: DATASET/plate/p13_f_plate.mp4
[DATASET] (526/2160) Loading video: DATASET/plate/p14_c_plate.mp4
[DATASET] (527/2160) Loading video: DATASET/plate/p7_c_plate.mp4
[DATASET] (528/2160) Loading video: DATASET/plate/p4_c_plate.mp4
[DATASET] (529/2160) Loading video: DATASET/chair/p7_c_chair.mp4
[DATASET] (530/2160) Loading video: DATASET/chair/p15_f_chair.mp4
[DATASET] (531/2160) Loading video: DATASET/chair/p12_c_chair.mp4
[DATASET] (532/2160) Loading video: DATASET/chair/p8_f_chair.mp4
[DATASET] (533/2160) Loading video: DATASET/chair/p1_c_chair.mp4
[DATASET] (534/2160) Loading video: DATASET/chair/p14_f_chair.mp4
[DATASET] (535/2160) Loading video: DATASET/chair/p7_f_chair.mp4
[DATASET] (536/2160) Loading video: DATASET/chair/p16_c_chair.mp4
[DATASET] (537/2160) Loading video: DATASET/chair/p6_c_chair.mp4
[DATASET] (538/2160) Loading video: DATASET/chair/p12_f_chair.mp4
[DATASET] (539/2160) Loading video: DATASET/chair/p13_f_chair.mp4
[DATASET] (540/2160) Loading video: DATASET/chair/p16_f_chair.mp4
[DATASET] (541/2160) Loading video: DATASET/chair/p14_c_chair.mp4
[DATASET] (542/2160) Loading video: DATASET/chair/p2_f_chair.mp4
[DATASET] (543/2160) Loading video: DATASET/chair/p4_c_chair.mp4
[DATASET] (544/2160) Loading video: DATASET/chair/p11_f_chair.mp4
[DATASET] (545/2160) Loading video: DATASET/chair/p4_f_chair.mp4
[DATASET] (546/2160) Loading video: DATASET/chair/p6_f_chair.mp4
[DATASET] (547/2160) Loading video: DATASET/chair/p11_c_chair.mp4
[DATASET] (548/2160) Loading video: DATASET/chair/p8_c_chair.mp4
[DATASET] (549/2160) Loading video: DATASET/chair/p13_c_chair.mp4
[DATASET] (550/2160) Loading video: DATASET/chair/p1_f_chair.mp4
[DATASET] (551/2160) Loading video: DATASET/chair/p3_f_chair.mp4
[DATASET] (552/2160) Loading video: DATASET/chair/p15_c_chair.mp4
[DATASET] (553/2160) Loading video: DATASET/protibondhi/p15_c_protibondhi.mp4
[DATASET] (554/2160) Loading video: DATASET/protibondhi/p13_c_protibondhi.mp4
[DATASET] (555/2160) Loading video: DATASET/protibondhi/p1_c_protibondhi.mp4
[DATASET] (556/2160) Loading video: DATASET/protibondhi/p4_f_protibondhi.mp4
[DATASET] (557/2160) Loading video: DATASET/protibondhi/p11_c_protibondhi.mp4
[DATASET] (558/2160) Loading video: DATASET/protibondhi/p13_f_protibondhi.mp4
[DATASET] (559/2160) Loading video: DATASET/protibondhi/p6_f_protibondhi.mp4
[DATASET] (560/2160) Loading video: DATASET/protibondhi/p11_f_protibondhi.mp4
[DATASET] (561/2160) Loading video: DATASET/protibondhi/p6_c_protibondhi.mp4
[DATASET] (562/2160) Loading video: DATASET/protibondhi/p8_c_protibondhi.mp4
[DATASET] (563/2160) Loading video: DATASET/protibondhi/p15_f_protibondhi.mp4
[DATASET] (564/2160) Loading video: DATASET/protibondhi/p1_f_protibondhi.mp4
[DATASET] (565/2160) Loading video: DATASET/protibondhi/p2_f_protibondhi.mp4
[DATASET] (566/2160) Loading video: DATASET/protibondhi/p8_f_protibondhi.mp4
[DATASET] (567/2160) Loading video: DATASET/protibondhi/p4_c_protibondhi.mp4
[DATASET] (568/2160) Loading video: DATASET/protibondhi/p12_f_protibondhi.mp4
[DATASET] (569/2160) Loading video: DATASET/protibondhi/p12_c_protibondhi.mp4
[DATASET] (570/2160) Loading video: DATASET/protibondhi/p14_f_protibondhi.mp4
[DATASET] (571/2160) Loading video: DATASET/protibondhi/p7_f_protibondhi.mp4
[DATASET] (572/2160) Loading video: DATASET/protibondhi/p16_c_protibondhi.mp4
[DATASET] (573/2160) Loading video: DATASET/protibondhi/p14_c_protibondhi.mp4
[DATASET] (574/2160) Loading video: DATASET/protibondhi/p7_c_protibondhi.mp4
[DATASET] (575/2160) Loading video: DATASET/protibondhi/p3_f_protibondhi.mp4
[DATASET] (576/2160) Loading video: DATASET/protibondhi/p16_f_protibondhi.mp4
[DATASET] (577/2160) Loading video: DATASET/boi/p13_f_boi.mp4
[DATASET] (578/2160) Loading video: DATASET/boi/p14_c_boi.mp4
[DATASET] (579/2160) Loading video: DATASET/boi/p12_c_boi.mp4
[DATASET] (580/2160) Loading video: DATASET/boi/p4_f_boi.mp4
[DATASET] (581/2160) Loading video: DATASET/boi/p13_c_boi.mp4
[DATASET] (582/2160) Loading video: DATASET/boi/p2_f_boi.mp4
[DATASET] (583/2160) Loading video: DATASET/boi/p7_c_boi.mp4
[DATASET] (584/2160) Loading video: DATASET/boi/p6_c_boi.mp4
[DATASET] (585/2160) Loading video: DATASET/boi/p8_c_boi.mp4
[DATASET] (586/2160) Loading video: DATASET/boi/p15_f_boi.mp4
[DATASET] (587/2160) Loading video: DATASET/boi/p11_c_boi.mp4
[DATASET] (588/2160) Loading video: DATASET/boi/p1_f_boi.mp4
[DATASET] (589/2160) Loading video: DATASET/boi/p7_f_boi.mp4
[DATASET] (590/2160) Loading video: DATASET/boi/p16_c_boi.mp4
[DATASET] (591/2160) Loading video: DATASET/boi/p11_f_boi.mp4
[DATASET] (592/2160) Loading video: DATASET/boi/p4_c_boi.mp4
[DATASET] (593/2160) Loading video: DATASET/boi/p1_c_boi.mp4
[DATASET] (594/2160) Loading video: DATASET/boi/p15_c_boi.mp4
[DATASET] (595/2160) Loading video: DATASET/boi/p3_f_boi.mp4
[DATASET] (596/2160) Loading video: DATASET/boi/p8_f_boi.mp4
[DATASET] (597/2160) Loading video: DATASET/boi/p16_f_boi.mp4
[DATASET] (598/2160) Loading video: DATASET/boi/p14_f_boi.mp4
[DATASET] (599/2160) Loading video: DATASET/boi/p12_f_boi.mp4
[DATASET] (600/2160) Loading video: DATASET/boi/p6_f_boi.mp4
[DATASET] (601/2160) Loading video: DATASET/chosma/p4_c_chosma.mp4
[DATASET] (602/2160) Loading video: DATASET/chosma/p11_c_chosma.mp4
[DATASET] (603/2160) Loading video: DATASET/chosma/p7_f_chosma.mp4
[DATASET] (604/2160) Loading video: DATASET/chosma/p6_f_chosma.mp4
[DATASET] (605/2160) Loading video: DATASET/chosma/p15_c_chosma.mp4
[DATASET] (606/2160) Loading video: DATASET/chosma/p14_f_chosma.mp4
[DATASET] (607/2160) Loading video: DATASET/chosma/p11_f_chosma.mp4
[DATASET] (608/2160) Loading video: DATASET/chosma/p3_f_chosma.mp4
[DATASET] (609/2160) Loading video: DATASET/chosma/p6_c_chosma.mp4
[DATASET] (610/2160) Loading video: DATASET/chosma/p13_c_chosma.mp4
[DATASET] (611/2160) Loading video: DATASET/chosma/p16_f_chosma.mp4
[DATASET] (612/2160) Loading video: DATASET/chosma/p4_f_chosma.mp4
[DATASET] (613/2160) Loading video: DATASET/chosma/p14_c_chosma.mp4
[DATASET] (614/2160) Loading video: DATASET/chosma/p12_f_chosma.mp4
[DATASET] (615/2160) Loading video: DATASET/chosma/p7_c_chosma.mp4
[DATASET] (616/2160) Loading video: DATASET/chosma/p13_f_chosma.mp4
[DATASET] (617/2160) Loading video: DATASET/chosma/p1_f_chosma.mp4
[DATASET] (618/2160) Loading video: DATASET/chosma/p2_f_chosma.mp4
[DATASET] (619/2160) Loading video: DATASET/chosma/p12_c_chosma.mp4
[DATASET] (620/2160) Loading video: DATASET/chosma/p8_f_chosma.mp4
[DATASET] (621/2160) Loading video: DATASET/chosma/p1_c_chosma.mp4
[DATASET] (622/2160) Loading video: DATASET/chosma/p8_c_chosma.mp4
[DATASET] (623/2160) Loading video: DATASET/chosma/p16_c_chosma.mp4
[DATASET] (624/2160) Loading video: DATASET/chosma/p15_f_chosma.mp4
[DATASET] (625/2160) Loading video: DATASET/goru/p16_c_goru.mp4
[DATASET] (626/2160) Loading video: DATASET/goru/p11_f_goru.mp4
[DATASET] (627/2160) Loading video: DATASET/goru/p16_f_goru.mp4
[DATASET] (628/2160) Loading video: DATASET/goru/p8_f_goru.mp4
[DATASET] (629/2160) Loading video: DATASET/goru/p13_c_goru.mp4
[DATASET] (630/2160) Loading video: DATASET/goru/p3_f_goru.mp4
[DATASET] (631/2160) Loading video: DATASET/goru/p1_c_goru.mp4
[DATASET] (632/2160) Loading video: DATASET/goru/p15_c_goru.mp4
[DATASET] (633/2160) Loading video: DATASET/goru/p6_c_goru.mp4
[DATASET] (634/2160) Loading video: DATASET/goru/p12_c_goru.mp4
[DATASET] (635/2160) Loading video: DATASET/goru/p15_f_goru.mp4
[DATASET] (636/2160) Loading video: DATASET/goru/p12_f_goru.mp4
[DATASET] (637/2160) Loading video: DATASET/goru/p7_c_goru.mp4
[DATASET] (638/2160) Loading video: DATASET/goru/p1_f_goru.mp4
[DATASET] (639/2160) Loading video: DATASET/goru/p8_c_goru.mp4
[DATASET] (640/2160) Loading video: DATASET/goru/p7_f_goru.mp4
[DATASET] (641/2160) Loading video: DATASET/goru/p11_c_goru.mp4
[DATASET] (642/2160) Loading video: DATASET/goru/p6_f_goru.mp4
[DATASET] (643/2160) Loading video: DATASET/goru/p14_f_goru.mp4
[DATASET] (644/2160) Loading video: DATASET/goru/p13_f_goru.mp4
[DATASET] (645/2160) Loading video: DATASET/goru/p4_c_goru.mp4
[DATASET] (646/2160) Loading video: DATASET/goru/p14_c_goru.mp4
[DATASET] (647/2160) Loading video: DATASET/goru/p4_f_goru.mp4
[DATASET] (648/2160) Loading video: DATASET/goru/p2_f_goru.mp4
[DATASET] (649/2160) Loading video: DATASET/durbol/p15_f_durbol.mp4
[DATASET] (650/2160) Loading video: DATASET/durbol/p8_f_durbol.mp4
[DATASET] (651/2160) Loading video: DATASET/durbol/p7_c_durbol.mp4
[DATASET] (652/2160) Loading video: DATASET/durbol/p16_c_durbol.mp4
[DATASET] (653/2160) Loading video: DATASET/durbol/p15_c_durbol.mp4
[DATASET] (654/2160) Loading video: DATASET/durbol/p4_c_durbol.mp4
[DATASET] (655/2160) Loading video: DATASET/durbol/p8_c_durbol.mp4
[DATASET] (656/2160) Loading video: DATASET/durbol/p2_f_durbol.mp4
[DATASET] (657/2160) Loading video: DATASET/durbol/p6_c_durbol.mp4
[DATASET] (658/2160) Loading video: DATASET/durbol/p1_c_durbol.mp4
[DATASET] (659/2160) Loading video: DATASET/durbol/p12_f_durbol.mp4
[DATASET] (660/2160) Loading video: DATASET/durbol/p11_f_durbol.mp4
[DATASET] (661/2160) Loading video: DATASET/durbol/p14_c_durbol.mp4
[DATASET] (662/2160) Loading video: DATASET/durbol/p12_c_durbol.mp4
[DATASET] (663/2160) Loading video: DATASET/durbol/p16_f_durbol.mp4
[DATASET] (664/2160) Loading video: DATASET/durbol/p13_f_durbol.mp4
[DATASET] (665/2160) Loading video: DATASET/durbol/p11_c_durbol.mp4
[DATASET] (666/2160) Loading video: DATASET/durbol/p13_c_durbol.mp4
[DATASET] (667/2160) Loading video: DATASET/durbol/p6_f_durbol.mp4
[DATASET] (668/2160) Loading video: DATASET/durbol/p7_f_durbol.mp4
[DATASET] (669/2160) Loading video: DATASET/durbol/p1_f_durbol.mp4
[DATASET] (670/2160) Loading video: DATASET/durbol/p3_f_durbol.mp4
[DATASET] (671/2160) Loading video: DATASET/durbol/p14_f_durbol.mp4
[DATASET] (672/2160) Loading video: DATASET/durbol/p4_f_durbol.mp4
[DATASET] (673/2160) Loading video: DATASET/plastic/p2_f_plastic.mp4
[DATASET] (674/2160) Loading video: DATASET/plastic/p4_f_plastic.mp4
[DATASET] (675/2160) Loading video: DATASET/plastic/p6_f_plastic.mp4
[DATASET] (676/2160) Loading video: DATASET/plastic/p7_c_plastic.mp4
[DATASET] (677/2160) Loading video: DATASET/plastic/p6_c_plastic.mp4
[DATASET] (678/2160) Loading video: DATASET/plastic/p8_f_plastic.mp4
[DATASET] (679/2160) Loading video: DATASET/plastic/p11_c_plastic.mp4
[DATASET] (680/2160) Loading video: DATASET/plastic/p14_c_plastic.mp4
[DATASET] (681/2160) Loading video: DATASET/plastic/p16_c_plastic.mp4
[DATASET] (682/2160) Loading video: DATASET/plastic/p13_c_plastic.mp4
[DATASET] (683/2160) Loading video: DATASET/plastic/p12_f_plastic.mp4
[DATASET] (684/2160) Loading video: DATASET/plastic/p8_c_plastic.mp4
[DATASET] (685/2160) Loading video: DATASET/plastic/p1_f_plastic.mp4
[DATASET] (686/2160) Loading video: DATASET/plastic/p4_c_plastic.mp4
[DATASET] (687/2160) Loading video: DATASET/plastic/p11_f_plastic.mp4
[DATASET] (688/2160) Loading video: DATASET/plastic/p15_f_plastic.mp4
[DATASET] (689/2160) Loading video: DATASET/plastic/p3_f_plastic.mp4
[DATASET] (690/2160) Loading video: DATASET/plastic/p7_f_plastic.mp4
[DATASET] (691/2160) Loading video: DATASET/plastic/p13_f_plastic.mp4
[DATASET] (692/2160) Loading video: DATASET/plastic/p12_c_plastic.mp4
[DATASET] (693/2160) Loading video: DATASET/plastic/p15_c_plastic.mp4
[DATASET] (694/2160) Loading video: DATASET/plastic/p1_c_plastic.mp4
[DATASET] (695/2160) Loading video: DATASET/plastic/p14_f_plastic.mp4
[DATASET] (696/2160) Loading video: DATASET/plastic/p16_f_plastic.mp4
[DATASET] (697/2160) Loading video: DATASET/hospital/p1_f_hospital.mp4
[DATASET] (698/2160) Loading video: DATASET/hospital/p3_f_hospital.mp4
[DATASET] (699/2160) Loading video: DATASET/hospital/p2_f_hospital.mp4
[DATASET] (700/2160) Loading video: DATASET/hospital/p14_f_hospital.mp4
[DATASET] (701/2160) Loading video: DATASET/hospital/p15_c_hospital.mp4
[DATASET] (702/2160) Loading video: DATASET/hospital/p12_c_hospital.mp4
[DATASET] (703/2160) Loading video: DATASET/hospital/p7_c_hospital.mp4
[DATASET] (704/2160) Loading video: DATASET/hospital/p16_f_hospital.mp4
[DATASET] (705/2160) Loading video: DATASET/hospital/p12_f_hospital.mp4
[DATASET] (706/2160) Loading video: DATASET/hospital/p13_f_hospital.mp4
[DATASET] (707/2160) Loading video: DATASET/hospital/p8_c_hospital.mp4
[DATASET] (708/2160) Loading video: DATASET/hospital/p4_c_hospital.mp4
[DATASET] (709/2160) Loading video: DATASET/hospital/p11_f_hospital.mp4
[DATASET] (710/2160) Loading video: DATASET/hospital/p8_f_hospital.mp4
[DATASET] (711/2160) Loading video: DATASET/hospital/p11_c_hospital.mp4
[DATASET] (712/2160) Loading video: DATASET/hospital/p13_c_hospital.mp4
[DATASET] (713/2160) Loading video: DATASET/hospital/p4_f_hospital.mp4
[DATASET] (714/2160) Loading video: DATASET/hospital/p14_c_hospital.mp4
[DATASET] (715/2160) Loading video: DATASET/hospital/p15_f_hospital.mp4
[DATASET] (716/2160) Loading video: DATASET/hospital/p6_c_hospital.mp4
[DATASET] (717/2160) Loading video: DATASET/hospital/p6_f_hospital.mp4
[DATASET] (718/2160) Loading video: DATASET/hospital/p7_f_hospital.mp4
[DATASET] (719/2160) Loading video: DATASET/hospital/p16_c_hospital.mp4
[DATASET] (720/2160) Loading video: DATASET/hospital/p1_c_hospital.mp4
[DATASET] (721/2160) Loading video: DATASET/pora/p7_c_pora.mp4
[DATASET] (722/2160) Loading video: DATASET/pora/p16_c_pora.mp4
[DATASET] (723/2160) Loading video: DATASET/pora/p14_c_pora.mp4
[DATASET] (724/2160) Loading video: DATASET/pora/p3_f_pora.mp4
[DATASET] (725/2160) Loading video: DATASET/pora/p4_f_pora.mp4
[DATASET] (726/2160) Loading video: DATASET/pora/p7_f_pora.mp4
[DATASET] (727/2160) Loading video: DATASET/pora/p13_c_pora.mp4
[DATASET] (728/2160) Loading video: DATASET/pora/p8_c_pora.mp4
[DATASET] (729/2160) Loading video: DATASET/pora/p14_f_pora.mp4
[DATASET] (730/2160) Loading video: DATASET/pora/p12_c_pora.mp4
[DATASET] (731/2160) Loading video: DATASET/pora/p13_f_pora.mp4
[DATASET] (732/2160) Loading video: DATASET/pora/p8_f_pora.mp4
[DATASET] (733/2160) Loading video: DATASET/pora/p15_f_pora.mp4
[DATASET] (734/2160) Loading video: DATASET/pora/p12_f_pora.mp4
[DATASET] (735/2160) Loading video: DATASET/pora/p4_c_pora.mp4
[DATASET] (736/2160) Loading video: DATASET/pora/p11_f_pora.mp4
[DATASET] (737/2160) Loading video: DATASET/pora/p6_c_pora.mp4
[DATASET] (738/2160) Loading video: DATASET/pora/p2_f_pora.mp4
[DATASET] (739/2160) Loading video: DATASET/pora/p15_c_pora.mp4
[DATASET] (740/2160) Loading video: DATASET/pora/p1_f_pora.mp4
[DATASET] (741/2160) Loading video: DATASET/pora/p16_f_pora.mp4
[DATASET] (742/2160) Loading video: DATASET/pora/p1_c_pora.mp4
[DATASET] (743/2160) Loading video: DATASET/pora/p6_f_pora.mp4
[DATASET] (744/2160) Loading video: DATASET/pora/p11_c_pora.mp4
[DATASET] (745/2160) Loading video: DATASET/lekha/p14_f_lekha.mp4
[DATASET] (746/2160) Loading video: DATASET/lekha/p13_c_lekha.mp4
[DATASET] (747/2160) Loading video: DATASET/lekha/p4_f_lekha.mp4
[DATASET] (748/2160) Loading video: DATASET/lekha/p15_f_lekha.mp4
[DATASET] (749/2160) Loading video: DATASET/lekha/p1_f_lekha.mp4
[DATASET] (750/2160) Loading video: DATASET/lekha/p16_c_lekha.mp4
[DATASET] (751/2160) Loading video: DATASET/lekha/p3_f_lekha.mp4
[DATASET] (752/2160) Loading video: DATASET/lekha/p7_f_lekha.mp4
[DATASET] (753/2160) Loading video: DATASET/lekha/p7_c_lekha.mp4
[DATASET] (754/2160) Loading video: DATASET/lekha/p8_f_lekha.mp4
[DATASET] (755/2160) Loading video: DATASET/lekha/p4_c_lekha.mp4
[DATASET] (756/2160) Loading video: DATASET/lekha/p6_c_lekha.mp4
[DATASET] (757/2160) Loading video: DATASET/lekha/p16_f_lekha.mp4
[DATASET] (758/2160) Loading video: DATASET/lekha/p12_f_lekha.mp4
[DATASET] (759/2160) Loading video: DATASET/lekha/p12_c_lekha.mp4
[DATASET] (760/2160) Loading video: DATASET/lekha/p14_c_lekha.mp4
[DATASET] (761/2160) Loading video: DATASET/lekha/p1_c_lekha.mp4
[DATASET] (762/2160) Loading video: DATASET/lekha/p15_c_lekha.mp4
[DATASET] (763/2160) Loading video: DATASET/lekha/p11_f_lekha.mp4
[DATASET] (764/2160) Loading video: DATASET/lekha/p2_f_lekha.mp4
[DATASET] (765/2160) Loading video: DATASET/lekha/p11_c_lekha.mp4
[DATASET] (766/2160) Loading video: DATASET/lekha/p13_f_lekha.mp4
[DATASET] (767/2160) Loading video: DATASET/lekha/p6_f_lekha.mp4
[DATASET] (768/2160) Loading video: DATASET/lekha/p8_c_lekha.mp4
[DATASET] (769/2160) Loading video: DATASET/sotto/p8_f_sotto.mp4
[DATASET] (770/2160) Loading video: DATASET/sotto/p15_c_sotto.mp4
[DATASET] (771/2160) Loading video: DATASET/sotto/p7_c_sotto.mp4
[DATASET] (772/2160) Loading video: DATASET/sotto/p14_c_sotto.mp4
[DATASET] (773/2160) Loading video: DATASET/sotto/p16_f_sotto.mp4
[DATASET] (774/2160) Loading video: DATASET/sotto/p11_c_sotto.mp4
[DATASET] (775/2160) Loading video: DATASET/sotto/p8_c_sotto.mp4
[DATASET] (776/2160) Loading video: DATASET/sotto/p1_f_sotto.mp4
[DATASET] (777/2160) Loading video: DATASET/sotto/p13_f_sotto.mp4
[DATASET] (778/2160) Loading video: DATASET/sotto/p2_f_sotto.mp4
[DATASET] (779/2160) Loading video: DATASET/sotto/p6_f_sotto.mp4
[DATASET] (780/2160) Loading video: DATASET/sotto/p4_f_sotto.mp4
[DATASET] (781/2160) Loading video: DATASET/sotto/p15_f_sotto.mp4
[DATASET] (782/2160) Loading video: DATASET/sotto/p1_c_sotto.mp4
[DATASET] (783/2160) Loading video: DATASET/sotto/p13_c_sotto.mp4
[DATASET] (784/2160) Loading video: DATASET/sotto/p11_f_sotto.mp4
[DATASET] (785/2160) Loading video: DATASET/sotto/p7_f_sotto.mp4
[DATASET] (786/2160) Loading video: DATASET/sotto/p14_f_sotto.mp4
[DATASET] (787/2160) Loading video: DATASET/sotto/p16_c_sotto.mp4
[DATASET] (788/2160) Loading video: DATASET/sotto/p6_c_sotto.mp4
[DATASET] (789/2160) Loading video: DATASET/sotto/p12_c_sotto.mp4
[DATASET] (790/2160) Loading video: DATASET/sotto/p3_f_sotto.mp4
[DATASET] (791/2160) Loading video: DATASET/sotto/p4_c_sotto.mp4
[DATASET] (792/2160) Loading video: DATASET/sotto/p12_f_sotto.mp4
[DATASET] (793/2160) Loading video: DATASET/doctor/p1_c_doctor.mp4
[DATASET] (794/2160) Loading video: DATASET/doctor/p4_f_doctor.mp4
[DATASET] (795/2160) Loading video: DATASET/doctor/p6_c_doctor.mp4
[DATASET] (796/2160) Loading video: DATASET/doctor/p13_f_doctor.mp4
[DATASET] (797/2160) Loading video: DATASET/doctor/p12_c_doctor.mp4
[DATASET] (798/2160) Loading video: DATASET/doctor/p15_c_doctor.mp4
[DATASET] (799/2160) Loading video: DATASET/doctor/p12_f_doctor.mp4
[DATASET] (800/2160) Loading video: DATASET/doctor/p7_c_doctor.mp4
[DATASET] (801/2160) Loading video: DATASET/doctor/p16_c_doctor.mp4
[DATASET] (802/2160) Loading video: DATASET/doctor/p7_f_doctor.mp4
[DATASET] (803/2160) Loading video: DATASET/doctor/p4_c_doctor.mp4
[DATASET] (804/2160) Loading video: DATASET/doctor/p3_f_doctor.mp4
[DATASET] (805/2160) Loading video: DATASET/doctor/p1_f_doctor.mp4
[DATASET] (806/2160) Loading video: DATASET/doctor/p8_c_doctor.mp4
[DATASET] (807/2160) Loading video: DATASET/doctor/p13_c_doctor.mp4
[DATASET] (808/2160) Loading video: DATASET/doctor/p15_f_doctor.mp4
[DATASET] (809/2160) Loading video: DATASET/doctor/p2_f_doctor.mp4
[DATASET] (810/2160) Loading video: DATASET/doctor/p11_f_doctor.mp4
[DATASET] (811/2160) Loading video: DATASET/doctor/p6_f_doctor.mp4
[DATASET] (812/2160) Loading video: DATASET/doctor/p14_c_doctor.mp4
[DATASET] (813/2160) Loading video: DATASET/doctor/p16_f_doctor.mp4
[DATASET] (814/2160) Loading video: DATASET/doctor/p8_f_doctor.mp4
[DATASET] (815/2160) Loading video: DATASET/doctor/p14_f_doctor.mp4
[DATASET] (816/2160) Loading video: DATASET/doctor/p11_c_doctor.mp4
[DATASET] (817/2160) Loading video: DATASET/agun/p8_c_agun.mp4
[DATASET] (818/2160) Loading video: DATASET/agun/p7_c_agun.mp4
[DATASET] (819/2160) Loading video: DATASET/agun/p12_f_agun.mp4
[DATASET] (820/2160) Loading video: DATASET/agun/p12_c_agun.mp4
[DATASET] (821/2160) Loading video: DATASET/agun/p6_c_agun.mp4
[DATASET] (822/2160) Loading video: DATASET/agun/p13_f_agun.mp4
[DATASET] (823/2160) Loading video: DATASET/agun/p14_c_agun.mp4
[DATASET] (824/2160) Loading video: DATASET/agun/p4_f_agun.mp4
[DATASET] (825/2160) Loading video: DATASET/agun/p15_f_agun.mp4
[DATASET] (826/2160) Loading video: DATASET/agun/p11_f_agun.mp4
[DATASET] (827/2160) Loading video: DATASET/agun/p1_c_agun.mp4
[DATASET] (828/2160) Loading video: DATASET/agun/p6_f_agun.mp4
[DATASET] (829/2160) Loading video: DATASET/agun/p3_f_agun.mp4
[DATASET] (830/2160) Loading video: DATASET/agun/p15_c_agun.mp4
[DATASET] (831/2160) Loading video: DATASET/agun/p14_f_agun.mp4
[DATASET] (832/2160) Loading video: DATASET/agun/p8_f_agun.mp4
[DATASET] (833/2160) Loading video: DATASET/agun/p11_c_agun.mp4
[DATASET] (834/2160) Loading video: DATASET/agun/p4_c_agun.mp4
[DATASET] (835/2160) Loading video: DATASET/agun/p13_c_agun.mp4
[DATASET] (836/2160) Loading video: DATASET/agun/p2_f_agun.mp4
[DATASET] (837/2160) Loading video: DATASET/agun/p16_f_agun.mp4
[DATASET] (838/2160) Loading video: DATASET/agun/p16_c_agun.mp4
[DATASET] (839/2160) Loading video: DATASET/agun/p1_f_agun.mp4
[DATASET] (840/2160) Loading video: DATASET/agun/p7_f_agun.mp4
[DATASET] (841/2160) Loading video: DATASET/football/p15_c_football.mp4
[DATASET] (842/2160) Loading video: DATASET/football/p14_c_football.mp4
[DATASET] (843/2160) Loading video: DATASET/football/p6_c_football.mp4
[DATASET] (844/2160) Loading video: DATASET/football/p15_f_football.mp4
[DATASET] (845/2160) Loading video: DATASET/football/p1_f_football.mp4
[DATASET] (846/2160) Loading video: DATASET/football/p8_c_football.mp4
[DATASET] (847/2160) Loading video: DATASET/football/p11_f_football.mp4
[DATASET] (848/2160) Loading video: DATASET/football/p13_c_football.mp4
[DATASET] (849/2160) Loading video: DATASET/football/p12_c_football.mp4
[DATASET] (850/2160) Loading video: DATASET/football/p7_f_football.mp4
[DATASET] (851/2160) Loading video: DATASET/football/p2_f_football.mp4
[DATASET] (852/2160) Loading video: DATASET/football/p16_f_football.mp4
[DATASET] (853/2160) Loading video: DATASET/football/p4_f_football.mp4
[DATASET] (854/2160) Loading video: DATASET/football/p6_f_football.mp4
[DATASET] (855/2160) Loading video: DATASET/football/p3_f_football.mp4
[DATASET] (856/2160) Loading video: DATASET/football/p8_f_football.mp4
[DATASET] (857/2160) Loading video: DATASET/football/p4_c_football.mp4
[DATASET] (858/2160) Loading video: DATASET/football/p12_f_football.mp4
[DATASET] (859/2160) Loading video: DATASET/football/p1_c_football.mp4
[DATASET] (860/2160) Loading video: DATASET/football/p14_f_football.mp4
[DATASET] (861/2160) Loading video: DATASET/football/p11_c_football.mp4
[DATASET] (862/2160) Loading video: DATASET/football/p13_f_football.mp4
[DATASET] (863/2160) Loading video: DATASET/football/p16_c_football.mp4
[DATASET] (864/2160) Loading video: DATASET/football/p7_c_football.mp4
[DATASET] (865/2160) Loading video: DATASET/kintu/p13_c_kintu.mp4
[DATASET] (866/2160) Loading video: DATASET/kintu/p14_f_kintu.mp4
[DATASET] (867/2160) Loading video: DATASET/kintu/p4_c_kintu.mp4
[DATASET] (868/2160) Loading video: DATASET/kintu/p11_f_kintu.mp4
[DATASET] (869/2160) Loading video: DATASET/kintu/p1_f_kintu.mp4
[DATASET] (870/2160) Loading video: DATASET/kintu/p7_c_kintu.mp4
[DATASET] (871/2160) Loading video: DATASET/kintu/p6_c_kintu.mp4
[DATASET] (872/2160) Loading video: DATASET/kintu/p16_f_kintu.mp4
[DATASET] (873/2160) Loading video: DATASET/kintu/p16_c_kintu.mp4
[DATASET] (874/2160) Loading video: DATASET/kintu/p2_f_kintu.mp4
[DATASET] (875/2160) Loading video: DATASET/kintu/p15_f_kintu.mp4
[DATASET] (876/2160) Loading video: DATASET/kintu/p15_c_kintu.mp4
[DATASET] (877/2160) Loading video: DATASET/kintu/p3_f_kintu.mp4
[DATASET] (878/2160) Loading video: DATASET/kintu/p8_f_kintu.mp4
