nohup: 忽略输入
Number of samples in dataset: 2160
Loading pretrained weights from /home/user5/DDA4220_GroupProject/Sign-Language-Recognition/code/swinv2_tiny.safetensors
Missing keys: []
Unexpected keys: ['layers.0.blocks.1.attn_mask', 'layers.1.blocks.1.attn_mask']
[Train] Batch 0: inputs.shape=torch.Size([24, 30, 3, 256, 256]), labels.shape=torch.Size([24])
Traceback (most recent call last):
  File "/home/user5/DDA4220_GroupProject/Sign-Language-Recognition/code/DDATraining_swin.py", line 208, in <module>
    run(
    ~~~^
        train_txt='./cached_train',
        ^^^^^^^^^^^^^^^^^^^^^^^^^^^
    ...<4 lines>...
        patience=5
        ^^^^^^^^^^
    )
    ^
  File "/home/user5/DDA4220_GroupProject/Sign-Language-Recognition/code/DDATraining_swin.py", line 117, in run
    outputs = model(inputs)
  File "/home/user5/anaconda3/envs/cs7643-a1/lib/python3.14/site-packages/torch/nn/modules/module.py", line 1775, in _wrapped_call_impl
    return self._call_impl(*args, **kwargs)
           ~~~~~~~~~~~~~~~^^^^^^^^^^^^^^^^^
  File "/home/user5/anaconda3/envs/cs7643-a1/lib/python3.14/site-packages/torch/nn/modules/module.py", line 1786, in _call_impl
    return forward_call(*args, **kwargs)
  File "/home/user5/anaconda3/envs/cs7643-a1/lib/python3.14/site-packages/torch/nn/parallel/data_parallel.py", line 194, in forward
    outputs = self.parallel_apply(replicas, inputs, module_kwargs)
  File "/home/user5/anaconda3/envs/cs7643-a1/lib/python3.14/site-packages/torch/nn/parallel/data_parallel.py", line 213, in parallel_apply
    return parallel_apply(
        replicas, inputs, kwargs, self.device_ids[: len(replicas)]
    )
  File "/home/user5/anaconda3/envs/cs7643-a1/lib/python3.14/site-packages/torch/nn/parallel/parallel_apply.py", line 129, in parallel_apply
    output.reraise()
    ~~~~~~~~~~~~~~^^
  File "/home/user5/anaconda3/envs/cs7643-a1/lib/python3.14/site-packages/torch/_utils.py", line 769, in reraise
    raise exception
torch.OutOfMemoryError: Caught OutOfMemoryError in replica 0 on device 0.
Original Traceback (most recent call last):
  File "/home/user5/anaconda3/envs/cs7643-a1/lib/python3.14/site-packages/torch/nn/parallel/parallel_apply.py", line 99, in _worker
    output = module(*input, **kwargs)
  File "/home/user5/anaconda3/envs/cs7643-a1/lib/python3.14/site-packages/torch/nn/modules/module.py", line 1775, in _wrapped_call_impl
    return self._call_impl(*args, **kwargs)
           ~~~~~~~~~~~~~~~^^^^^^^^^^^^^^^^^
  File "/home/user5/anaconda3/envs/cs7643-a1/lib/python3.14/site-packages/torch/nn/modules/module.py", line 1786, in _call_impl
    return forward_call(*args, **kwargs)
  File "/home/user5/DDA4220_GroupProject/Sign-Language-Recognition/code/swin_video.py", line 38, in forward
    features = self.backbone.forward_features(x)
  File "/home/user5/anaconda3/envs/cs7643-a1/lib/python3.14/site-packages/timm/models/swin_transformer_v2.py", line 982, in forward_features
    x = self.layers(x)
  File "/home/user5/anaconda3/envs/cs7643-a1/lib/python3.14/site-packages/torch/nn/modules/module.py", line 1775, in _wrapped_call_impl
    return self._call_impl(*args, **kwargs)
           ~~~~~~~~~~~~~~~^^^^^^^^^^^^^^^^^
  File "/home/user5/anaconda3/envs/cs7643-a1/lib/python3.14/site-packages/torch/nn/modules/module.py", line 1786, in _call_impl
    return forward_call(*args, **kwargs)
  File "/home/user5/anaconda3/envs/cs7643-a1/lib/python3.14/site-packages/torch/nn/modules/container.py", line 250, in forward
    input = module(input)
  File "/home/user5/anaconda3/envs/cs7643-a1/lib/python3.14/site-packages/torch/nn/modules/module.py", line 1775, in _wrapped_call_impl
    return self._call_impl(*args, **kwargs)
           ~~~~~~~~~~~~~~~^^^^^^^^^^^^^^^^^
  File "/home/user5/anaconda3/envs/cs7643-a1/lib/python3.14/site-packages/torch/nn/modules/module.py", line 1786, in _call_impl
    return forward_call(*args, **kwargs)
  File "/home/user5/anaconda3/envs/cs7643-a1/lib/python3.14/site-packages/timm/models/swin_transformer_v2.py", line 658, in forward
    x = blk(x)
  File "/home/user5/anaconda3/envs/cs7643-a1/lib/python3.14/site-packages/torch/nn/modules/module.py", line 1775, in _wrapped_call_impl
    return self._call_impl(*args, **kwargs)
           ~~~~~~~~~~~~~~~^^^^^^^^^^^^^^^^^
  File "/home/user5/anaconda3/envs/cs7643-a1/lib/python3.14/site-packages/torch/nn/modules/module.py", line 1786, in _call_impl
    return forward_call(*args, **kwargs)
  File "/home/user5/anaconda3/envs/cs7643-a1/lib/python3.14/site-packages/timm/models/swin_transformer_v2.py", line 478, in forward
    x = x + self.drop_path1(self.norm1(self._attn(x)))
                                       ~~~~~~~~~~^^^
  File "/home/user5/anaconda3/envs/cs7643-a1/lib/python3.14/site-packages/timm/models/swin_transformer_v2.py", line 462, in _attn
    attn_windows = self.attn(x_windows, mask=attn_mask)  # nW*B, window_size*window_size, C
  File "/home/user5/anaconda3/envs/cs7643-a1/lib/python3.14/site-packages/torch/nn/modules/module.py", line 1775, in _wrapped_call_impl
    return self._call_impl(*args, **kwargs)
           ~~~~~~~~~~~~~~~^^^^^^^^^^^^^^^^^
  File "/home/user5/anaconda3/envs/cs7643-a1/lib/python3.14/site-packages/torch/nn/modules/module.py", line 1786, in _call_impl
    return forward_call(*args, **kwargs)
  File "/home/user5/anaconda3/envs/cs7643-a1/lib/python3.14/site-packages/timm/models/swin_transformer_v2.py", line 217, in forward
    attn = attn * logit_scale
           ~~~~~^~~~~~~~~~~~~
torch.OutOfMemoryError: CUDA out of memory. Tried to allocate 4.22 GiB. GPU 0 has a total capacity of 31.36 GiB of which 3.55 GiB is free. Process 3405886 has 4.51 GiB memory in use. Including non-PyTorch memory, this process has 23.12 GiB memory in use. Of the allocated memory 20.85 GiB is allocated by PyTorch, and 1.54 GiB is reserved by PyTorch but unallocated. If reserved but unallocated memory is large try setting PYTORCH_CUDA_ALLOC_CONF=expandable_segments:True to avoid fragmentation.  See documentation for Memory Management  (https://pytorch.org/docs/stable/notes/cuda.html#environment-variables)

