nohup: 忽略输入
Loading cached dataset from train_dataset.pt ...
[DATASET] Loaded 2160 samples from cache.
Processing videos, this may take a while ...
[DATASET] (1/540) Loading video: DATASET/subidha/p10_c_subidha.mp4
[DATASET] (2/540) Loading video: DATASET/subidha/p9_c_subidha.mp4
[DATASET] (3/540) Loading video: DATASET/subidha/p10_f_subidha.mp4
[DATASET] (4/540) Loading video: DATASET/subidha/p5_c_subidha.mp4
[DATASET] (5/540) Loading video: DATASET/subidha/p5_f_subidha.mp4
[DATASET] (6/540) Loading video: DATASET/subidha/p9_f_subidha.mp4
[DATASET] (7/540) Loading video: DATASET/golarhaar/p9_f_golarhaar.mp4
[DATASET] (8/540) Loading video: DATASET/golarhaar/p10_c_golarhaar.mp4
[DATASET] (9/540) Loading video: DATASET/golarhaar/p9_c_golarhaar.mp4
[DATASET] (10/540) Loading video: DATASET/golarhaar/p5_c_golarhaar.mp4
[DATASET] (11/540) Loading video: DATASET/golarhaar/p10_f_golarhaar.mp4
[DATASET] (12/540) Loading video: DATASET/golarhaar/p5_f_golarhaar.mp4
[DATASET] (13/540) Loading video: DATASET/boro/p9_f_boro.mp4
[DATASET] (14/540) Loading video: DATASET/boro/p9_c_boro.mp4
[DATASET] (15/540) Loading video: DATASET/boro/p5_c_boro.mp4
[DATASET] (16/540) Loading video: DATASET/boro/p10_f_boro.mp4
[DATASET] (17/540) Loading video: DATASET/boro/p5_f_boro.mp4
[DATASET] (18/540) Loading video: DATASET/boro/p10_c_boro.mp4
[DATASET] (19/540) Loading video: DATASET/gach/p10_c_gach.mp4
[DATASET] (20/540) Loading video: DATASET/gach/p9_f_gach.mp4
[DATASET] (21/540) Loading video: DATASET/gach/p9_c_gach.mp4
[DATASET] (22/540) Loading video: DATASET/gach/p5_f_gach.mp4
[DATASET] (23/540) Loading video: DATASET/gach/p5_c_gach.mp4
[DATASET] (24/540) Loading video: DATASET/gach/p10_f_gach.mp4
[DATASET] (25/540) Loading video: DATASET/protijogita/p9_c_protijogita.mp4
[DATASET] (26/540) Loading video: DATASET/protijogita/p10_c_protijogita.mp4
[DATASET] (27/540) Loading video: DATASET/protijogita/p5_c_protijogita.mp4
[DATASET] (28/540) Loading video: DATASET/protijogita/p9_f_protijogita.mp4
[DATASET] (29/540) Loading video: DATASET/protijogita/p5_f_protijogita.mp4
[DATASET] (30/540) Loading video: DATASET/protijogita/p10_f_protijogita.mp4
[DATASET] (31/540) Loading video: DATASET/mask/p9_c_mask.mp4
[DATASET] (32/540) Loading video: DATASET/mask/p10_c_mask.mp4
[DATASET] (33/540) Loading video: DATASET/mask/p5_c_mask.mp4
[DATASET] (34/540) Loading video: DATASET/mask/p5_f_mask.mp4
[DATASET] (35/540) Loading video: DATASET/mask/p9_f_mask.mp4
[DATASET] (36/540) Loading video: DATASET/mask/p10_f_mask.mp4
[DATASET] (37/540) Loading video: DATASET/sajano/p5_f_sajano.mp4
[DATASET] (38/540) Loading video: DATASET/sajano/p5_c_sajano.mp4
[DATASET] (39/540) Loading video: DATASET/sajano/p9_c_sajano.mp4
[DATASET] (40/540) Loading video: DATASET/sajano/p10_f_sajano.mp4
[DATASET] (41/540) Loading video: DATASET/sajano/p10_c_sajano.mp4
[DATASET] (42/540) Loading video: DATASET/sajano/p9_f_sajano.mp4
[DATASET] (43/540) Loading video: DATASET/hata/p10_f_hata.mp4
[DATASET] (44/540) Loading video: DATASET/hata/p9_f_hata.mp4
[DATASET] (45/540) Loading video: DATASET/hata/p5_f_hata.mp4
[DATASET] (46/540) Loading video: DATASET/hata/p9_c_hata.mp4
[DATASET] (47/540) Loading video: DATASET/hata/p5_c_hata.mp4
[DATASET] (48/540) Loading video: DATASET/hata/p10_c_hata.mp4
[DATASET] (49/540) Loading video: DATASET/dudh/p9_c_dudh.mp4
[DATASET] (50/540) Loading video: DATASET/dudh/p5_f_dudh.mp4
[DATASET] (51/540) Loading video: DATASET/dudh/p5_c_dudh.mp4
[DATASET] (52/540) Loading video: DATASET/dudh/p10_c_dudh.mp4
[DATASET] (53/540) Loading video: DATASET/dudh/p10_f_dudh.mp4
[DATASET] (54/540) Loading video: DATASET/dudh/p9_f_dudh.mp4
[DATASET] (55/540) Loading video: DATASET/sahajjo/p10_f_sahajjo.mp4
[DATASET] (56/540) Loading video: DATASET/sahajjo/p10_c_sahajjo.mp4
[DATASET] (57/540) Loading video: DATASET/sahajjo/p9_f_sahajjo.mp4
[DATASET] (58/540) Loading video: DATASET/sahajjo/p9_c_sahajjo.mp4
[DATASET] (59/540) Loading video: DATASET/sahajjo/p5_f_sahajjo.mp4
[DATASET] (60/540) Loading video: DATASET/sahajjo/p5_c_sahajjo.mp4
[DATASET] (61/540) Loading video: DATASET/shirt/p10_c_shirt.mp4
[DATASET] (62/540) Loading video: DATASET/shirt/p5_c_shirt.mp4
[DATASET] (63/540) Loading video: DATASET/shirt/p10_f_shirt.mp4
[DATASET] (64/540) Loading video: DATASET/shirt/p5_f_shirt.mp4
[DATASET] (65/540) Loading video: DATASET/shirt/p9_f_shirt.mp4
[DATASET] (66/540) Loading video: DATASET/shirt/p9_c_shirt.mp4
[DATASET] (67/540) Loading video: DATASET/pakhi/p9_c_pakhi.mp4
[DATASET] (68/540) Loading video: DATASET/pakhi/p10_c_pakhi.mp4
[DATASET] (69/540) Loading video: DATASET/pakhi/p5_c_pakhi.mp4
[DATASET] (70/540) Loading video: DATASET/pakhi/p10_f_pakhi.mp4
[DATASET] (71/540) Loading video: DATASET/pakhi/p9_f_pakhi.mp4
[DATASET] (72/540) Loading video: DATASET/pakhi/p5_f_pakhi.mp4
[DATASET] (73/540) Loading video: DATASET/protigga/p9_f_protigga.mp4
[DATASET] (74/540) Loading video: DATASET/protigga/p10_c_protigga.mp4
[DATASET] (75/540) Loading video: DATASET/protigga/p5_c_protigga.mp4
[DATASET] (76/540) Loading video: DATASET/protigga/p5_f_protigga.mp4
[DATASET] (77/540) Loading video: DATASET/protigga/p10_f_protigga.mp4
[DATASET] (78/540) Loading video: DATASET/protigga/p9_c_protigga.mp4
[DATASET] (79/540) Loading video: DATASET/moja/p5_f_moja.mp4
[DATASET] (80/540) Loading video: DATASET/moja/p5_c_moja.mp4
[DATASET] (81/540) Loading video: DATASET/moja/p10_f_moja.mp4
[DATASET] (82/540) Loading video: DATASET/moja/p9_c_moja.mp4
[DATASET] (83/540) Loading video: DATASET/moja/p9_f_moja.mp4
[DATASET] (84/540) Loading video: DATASET/moja/p10_c_moja.mp4
[DATASET] (85/540) Loading video: DATASET/chikitsha/p5_c_chikitsha.mp4
[DATASET] (86/540) Loading video: DATASET/chikitsha/p10_f_chikitsha.mp4
[DATASET] (87/540) Loading video: DATASET/chikitsha/p9_f_chikitsha.mp4
[DATASET] (88/540) Loading video: DATASET/chikitsha/p9_c_chikitsha.mp4
[DATASET] (89/540) Loading video: DATASET/chikitsha/p5_f_chikitsha.mp4
[DATASET] (90/540) Loading video: DATASET/chikitsha/p10_c_chikitsha.mp4
[DATASET] (91/540) Loading video: DATASET/bondhu/p10_f_bondhu.mp4
[DATASET] (92/540) Loading video: DATASET/bondhu/p10_c_bondhu.mp4
[DATASET] (93/540) Loading video: DATASET/bondhu/p9_f_bondhu.mp4
[DATASET] (94/540) Loading video: DATASET/bondhu/p5_c_bondhu.mp4
[DATASET] (95/540) Loading video: DATASET/bondhu/p5_f_bondhu.mp4
[DATASET] (96/540) Loading video: DATASET/bondhu/p9_c_bondhu.mp4
[DATASET] (97/540) Loading video: DATASET/mehman/p9_f_mehman.mp4
[DATASET] (98/540) Loading video: DATASET/mehman/p9_c_mehman.mp4
[DATASET] (99/540) Loading video: DATASET/mehman/p5_f_mehman.mp4
[DATASET] (100/540) Loading video: DATASET/mehman/p10_f_mehman.mp4
[DATASET] (101/540) Loading video: DATASET/mehman/p5_c_mehman.mp4
[DATASET] (102/540) Loading video: DATASET/mehman/p10_c_mehman.mp4
[DATASET] (103/540) Loading video: DATASET/mosha/p9_f_mosha.mp4
[DATASET] (104/540) Loading video: DATASET/mosha/p9_c_mosha.mp4
[DATASET] (105/540) Loading video: DATASET/mosha/p5_c_mosha.mp4
[DATASET] (106/540) Loading video: DATASET/mosha/p5_f_mosha.mp4
[DATASET] (107/540) Loading video: DATASET/mosha/p10_f_mosha.mp4
[DATASET] (108/540) Loading video: DATASET/mosha/p10_c_mosha.mp4
[DATASET] (109/540) Loading video: DATASET/somporko/p10_f_somporko.mp4
[DATASET] (110/540) Loading video: DATASET/somporko/p9_c_somporko.mp4
[DATASET] (111/540) Loading video: DATASET/somporko/p9_f_somporko.mp4
[DATASET] (112/540) Loading video: DATASET/somporko/p10_c_somporko.mp4
[DATASET] (113/540) Loading video: DATASET/somporko/p5_f_somporko.mp4
[DATASET] (114/540) Loading video: DATASET/somporko/p5_c_somporko.mp4
[DATASET] (115/540) Loading video: DATASET/virus/p5_c_virus.mp4
[DATASET] (116/540) Loading video: DATASET/virus/p10_f_virus.mp4
[DATASET] (117/540) Loading video: DATASET/virus/p10_c_virus.mp4
[DATASET] (118/540) Loading video: DATASET/virus/p5_f_virus.mp4
[DATASET] (119/540) Loading video: DATASET/virus/p9_f_virus.mp4
[DATASET] (120/540) Loading video: DATASET/virus/p9_c_virus.mp4
[DATASET] (121/540) Loading video: DATASET/baari/p10_f_baari.mp4
[DATASET] (122/540) Loading video: DATASET/baari/p5_f_baari.mp4
[DATASET] (123/540) Loading video: DATASET/baari/p10_c_baari.mp4
[DATASET] (124/540) Loading video: DATASET/baari/p5_c_baari.mp4
[DATASET] (125/540) Loading video: DATASET/baari/p9_f_baari.mp4
[DATASET] (126/540) Loading video: DATASET/baari/p9_c_baari.mp4
[DATASET] (127/540) Loading video: DATASET/plate/p9_c_plate.mp4
[DATASET] (128/540) Loading video: DATASET/plate/p10_f_plate.mp4
[DATASET] (129/540) Loading video: DATASET/plate/p9_f_plate.mp4
[DATASET] (130/540) Loading video: DATASET/plate/p5_f_plate.mp4
[DATASET] (131/540) Loading video: DATASET/plate/p5_c_plate.mp4
[DATASET] (132/540) Loading video: DATASET/plate/p10_c_plate.mp4
[DATASET] (133/540) Loading video: DATASET/chair/p10_c_chair.mp4
[DATASET] (134/540) Loading video: DATASET/chair/p9_c_chair.mp4
[DATASET] (135/540) Loading video: DATASET/chair/p5_c_chair.mp4
[DATASET] (136/540) Loading video: DATASET/chair/p9_f_chair.mp4
[DATASET] (137/540) Loading video: DATASET/chair/p5_f_chair.mp4
[DATASET] (138/540) Loading video: DATASET/chair/p10_f_chair.mp4
[DATASET] (139/540) Loading video: DATASET/protibondhi/p10_f_protibondhi.mp4
[DATASET] (140/540) Loading video: DATASET/protibondhi/p5_f_protibondhi.mp4
[DATASET] (141/540) Loading video: DATASET/protibondhi/p10_c_protibondhi.mp4
[DATASET] (142/540) Loading video: DATASET/protibondhi/p9_f_protibondhi.mp4
[DATASET] (143/540) Loading video: DATASET/protibondhi/p5_c_protibondhi.mp4
[DATASET] (144/540) Loading video: DATASET/protibondhi/p9_c_protibondhi.mp4
[DATASET] (145/540) Loading video: DATASET/boi/p5_f_boi.mp4
[DATASET] (146/540) Loading video: DATASET/boi/p10_f_boi.mp4
[DATASET] (147/540) Loading video: DATASET/boi/p5_c_boi.mp4
[DATASET] (148/540) Loading video: DATASET/boi/p9_c_boi.mp4
[DATASET] (149/540) Loading video: DATASET/boi/p10_c_boi.mp4
[DATASET] (150/540) Loading video: DATASET/boi/p9_f_boi.mp4
[DATASET] (151/540) Loading video: DATASET/chosma/p9_f_chosma.mp4
[DATASET] (152/540) Loading video: DATASET/chosma/p5_f_chosma.mp4
[DATASET] (153/540) Loading video: DATASET/chosma/p9_c_chosma.mp4
[DATASET] (154/540) Loading video: DATASET/chosma/p10_c_chosma.mp4
[DATASET] (155/540) Loading video: DATASET/chosma/p5_c_chosma.mp4
[DATASET] (156/540) Loading video: DATASET/chosma/p10_f_chosma.mp4
[DATASET] (157/540) Loading video: DATASET/goru/p10_c_goru.mp4
[DATASET] (158/540) Loading video: DATASET/goru/p10_f_goru.mp4
[DATASET] (159/540) Loading video: DATASET/goru/p9_f_goru.mp4
[DATASET] (160/540) Loading video: DATASET/goru/p5_f_goru.mp4
[DATASET] (161/540) Loading video: DATASET/goru/p9_c_goru.mp4
[DATASET] (162/540) Loading video: DATASET/goru/p5_c_goru.mp4
[DATASET] (163/540) Loading video: DATASET/durbol/p10_f_durbol.mp4
[DATASET] (164/540) Loading video: DATASET/durbol/p5_c_durbol.mp4
[DATASET] (165/540) Loading video: DATASET/durbol/p10_c_durbol.mp4
[DATASET] (166/540) Loading video: DATASET/durbol/p9_c_durbol.mp4
[DATASET] (167/540) Loading video: DATASET/durbol/p9_f_durbol.mp4
[DATASET] (168/540) Loading video: DATASET/durbol/p5_f_durbol.mp4
[DATASET] (169/540) Loading video: DATASET/plastic/p5_c_plastic.mp4
[DATASET] (170/540) Loading video: DATASET/plastic/p10_f_plastic.mp4
[DATASET] (171/540) Loading video: DATASET/plastic/p9_f_plastic.mp4
[DATASET] (172/540) Loading video: DATASET/plastic/p10_c_plastic.mp4
[DATASET] (173/540) Loading video: DATASET/plastic/p9_c_plastic.mp4
[DATASET] (174/540) Loading video: DATASET/plastic/p5_f_plastic.mp4
[DATASET] (175/540) Loading video: DATASET/hospital/p9_c_hospital.mp4
[DATASET] (176/540) Loading video: DATASET/hospital/p10_f_hospital.mp4
[DATASET] (177/540) Loading video: DATASET/hospital/p10_c_hospital.mp4
[DATASET] (178/540) Loading video: DATASET/hospital/p9_f_hospital.mp4
[DATASET] (179/540) Loading video: DATASET/hospital/p5_c_hospital.mp4
[DATASET] (180/540) Loading video: DATASET/hospital/p5_f_hospital.mp4
[DATASET] (181/540) Loading video: DATASET/pora/p9_c_pora.mp4
[DATASET] (182/540) Loading video: DATASET/pora/p10_c_pora.mp4
[DATASET] (183/540) Loading video: DATASET/pora/p10_f_pora.mp4
[DATASET] (184/540) Loading video: DATASET/pora/p9_f_pora.mp4
[DATASET] (185/540) Loading video: DATASET/pora/p5_f_pora.mp4
[DATASET] (186/540) Loading video: DATASET/pora/p5_c_pora.mp4
[DATASET] (187/540) Loading video: DATASET/lekha/p10_f_lekha.mp4
[DATASET] (188/540) Loading video: DATASET/lekha/p9_f_lekha.mp4
[DATASET] (189/540) Loading video: DATASET/lekha/p9_c_lekha.mp4
[DATASET] (190/540) Loading video: DATASET/lekha/p5_f_lekha.mp4
[DATASET] (191/540) Loading video: DATASET/lekha/p10_c_lekha.mp4
[DATASET] (192/540) Loading video: DATASET/lekha/p5_c_lekha.mp4
[DATASET] (193/540) Loading video: DATASET/sotto/p9_c_sotto.mp4
[DATASET] (194/540) Loading video: DATASET/sotto/p5_c_sotto.mp4
[DATASET] (195/540) Loading video: DATASET/sotto/p10_c_sotto.mp4
[DATASET] (196/540) Loading video: DATASET/sotto/p10_f_sotto.mp4
[DATASET] (197/540) Loading video: DATASET/sotto/p9_f_sotto.mp4
[DATASET] (198/540) Loading video: DATASET/sotto/p5_f_sotto.mp4
[DATASET] (199/540) Loading video: DATASET/doctor/p9_c_doctor.mp4
[DATASET] (200/540) Loading video: DATASET/doctor/p10_c_doctor.mp4
[DATASET] (201/540) Loading video: DATASET/doctor/p5_f_doctor.mp4
[DATASET] (202/540) Loading video: DATASET/doctor/p9_f_doctor.mp4
[DATASET] (203/540) Loading video: DATASET/doctor/p5_c_doctor.mp4
[DATASET] (204/540) Loading video: DATASET/doctor/p10_f_doctor.mp4
[DATASET] (205/540) Loading video: DATASET/agun/p9_f_agun.mp4
[DATASET] (206/540) Loading video: DATASET/agun/p10_c_agun.mp4
[DATASET] (207/540) Loading video: DATASET/agun/p10_f_agun.mp4
[DATASET] (208/540) Loading video: DATASET/agun/p5_c_agun.mp4
[DATASET] (209/540) Loading video: DATASET/agun/p5_f_agun.mp4
[DATASET] (210/540) Loading video: DATASET/agun/p9_c_agun.mp4
[DATASET] (211/540) Loading video: DATASET/football/p9_c_football.mp4
[DATASET] (212/540) Loading video: DATASET/football/p9_f_football.mp4
[DATASET] (213/540) Loading video: DATASET/football/p5_f_football.mp4
[DATASET] (214/540) Loading video: DATASET/football/p5_c_football.mp4
[DATASET] (215/540) Loading video: DATASET/football/p10_f_football.mp4
[DATASET] (216/540) Loading video: DATASET/football/p10_c_football.mp4
[DATASET] (217/540) Loading video: DATASET/kintu/p5_f_kintu.mp4
[DATASET] (218/540) Loading video: DATASET/kintu/p10_c_kintu.mp4
[DATASET] (219/540) Loading video: DATASET/kintu/p5_c_kintu.mp4
[DATASET] (220/540) Loading video: DATASET/kintu/p9_c_kintu.mp4
[DATASET] (221/540) Loading video: DATASET/kintu/p10_f_kintu.mp4
[DATASET] (222/540) Loading video: DATASET/kintu/p9_f_kintu.mp4
[DATASET] (223/540) Loading video: DATASET/bagan/p10_c_bagan.mp4
[DATASET] (224/540) Loading video: DATASET/bagan/p5_f_bagan.mp4
[DATASET] (225/540) Loading video: DATASET/bagan/p10_f_bagan.mp4
[DATASET] (226/540) Loading video: DATASET/bagan/p9_c_bagan.mp4
[DATASET] (227/540) Loading video: DATASET/bagan/p5_c_bagan.mp4
[DATASET] (228/540) Loading video: DATASET/bagan/p9_f_bagan.mp4
[DATASET] (229/540) Loading video: DATASET/aangti/p5_f_aangti.mp4
[DATASET] (230/540) Loading video: DATASET/aangti/p10_f_aangti.mp4
[DATASET] (231/540) Loading video: DATASET/aangti/p9_c_aangti.mp4
[DATASET] (232/540) Loading video: DATASET/aangti/p10_c_aangti.mp4
[DATASET] (233/540) Loading video: DATASET/aangti/p5_c_aangti.mp4
[DATASET] (234/540) Loading video: DATASET/aangti/p9_f_aangti.mp4
[DATASET] (235/540) Loading video: DATASET/chata/p10_c_chata.mp4
[DATASET] (236/540) Loading video: DATASET/chata/p5_c_chata.mp4
[DATASET] (237/540) Loading video: DATASET/chata/p10_f_chata.mp4
[DATASET] (238/540) Loading video: DATASET/chata/p9_f_chata.mp4
[DATASET] (239/540) Loading video: DATASET/chata/p5_f_chata.mp4
[DATASET] (240/540) Loading video: DATASET/chata/p9_c_chata.mp4
[DATASET] (241/540) Loading video: DATASET/prosno/p10_c_prosno.mp4
[DATASET] (242/540) Loading video: DATASET/prosno/p5_f_prosno.mp4
[DATASET] (243/540) Loading video: DATASET/prosno/p9_c_prosno.mp4
[DATASET] (244/540) Loading video: DATASET/prosno/p9_f_prosno.mp4
[DATASET] (245/540) Loading video: DATASET/prosno/p5_c_prosno.mp4
[DATASET] (246/540) Loading video: DATASET/prosno/p10_f_prosno.mp4
[DATASET] (247/540) Loading video: DATASET/valobasha/p9_f_valobasha.mp4
[DATASET] (248/540) Loading video: DATASET/valobasha/p10_f_valobasha.mp4
[DATASET] (249/540) Loading video: DATASET/valobasha/p10_c_valobasha.mp4
[DATASET] (250/540) Loading video: DATASET/valobasha/p5_f_valobasha.mp4
[DATASET] (251/540) Loading video: DATASET/valobasha/p5_c_valobasha.mp4
[DATASET] (252/540) Loading video: DATASET/valobasha/p9_c_valobasha.mp4
[DATASET] (253/540) Loading video: DATASET/robibar/p5_f_robibar.mp4
[DATASET] (254/540) Loading video: DATASET/robibar/p10_c_robibar.mp4
[DATASET] (255/540) Loading video: DATASET/robibar/p10_f_robibar.mp4
[DATASET] (256/540) Loading video: DATASET/robibar/p9_f_robibar.mp4
[DATASET] (257/540) Loading video: DATASET/robibar/p5_c_robibar.mp4
[DATASET] (258/540) Loading video: DATASET/robibar/p9_c_robibar.mp4
[DATASET] (259/540) Loading video: DATASET/ghori/p10_c_ghori.mp4
[DATASET] (260/540) Loading video: DATASET/ghori/p9_c_ghori.mp4
[DATASET] (261/540) Loading video: DATASET/ghori/p10_f_ghori.mp4
[DATASET] (262/540) Loading video: DATASET/ghori/p5_c_ghori.mp4
[DATASET] (263/540) Loading video: DATASET/ghori/p5_f_ghori.mp4
[DATASET] (264/540) Loading video: DATASET/ghori/p9_f_ghori.mp4
[DATASET] (265/540) Loading video: DATASET/soktishali/p9_f_soktishali.mp4
[DATASET] (266/540) Loading video: DATASET/soktishali/p5_f_soktishali.mp4
[DATASET] (267/540) Loading video: DATASET/soktishali/p9_c_soktishali.mp4
[DATASET] (268/540) Loading video: DATASET/soktishali/p5_c_soktishali.mp4
[DATASET] (269/540) Loading video: DATASET/soktishali/p10_f_soktishali.mp4
[DATASET] (270/540) Loading video: DATASET/soktishali/p10_c_soktishali.mp4
[DATASET] (271/540) Loading video: DATASET/dorja/p9_c_dorja.mp4
[DATASET] (272/540) Loading video: DATASET/dorja/p9_f_dorja.mp4
[DATASET] (273/540) Loading video: DATASET/dorja/p10_f_dorja.mp4
[DATASET] (274/540) Loading video: DATASET/dorja/p5_f_dorja.mp4
[DATASET] (275/540) Loading video: DATASET/dorja/p10_c_dorja.mp4
[DATASET] (276/540) Loading video: DATASET/dorja/p5_c_dorja.mp4
[DATASET] (277/540) Loading video: DATASET/upodesh/p10_f_upodesh.mp4
[DATASET] (278/540) Loading video: DATASET/upodesh/p5_c_upodesh.mp4
[DATASET] (279/540) Loading video: DATASET/upodesh/p10_c_upodesh.mp4
[DATASET] (280/540) Loading video: DATASET/upodesh/p9_c_upodesh.mp4
[DATASET] (281/540) Loading video: DATASET/upodesh/p9_f_upodesh.mp4
[DATASET] (282/540) Loading video: DATASET/upodesh/p5_f_upodesh.mp4
[DATASET] (283/540) Loading video: DATASET/chocolate/p9_f_chocolate.mp4
[DATASET] (284/540) Loading video: DATASET/chocolate/p5_f_chocolate.mp4
[DATASET] (285/540) Loading video: DATASET/chocolate/p10_f_chocolate.mp4
[DATASET] (286/540) Loading video: DATASET/chocolate/p5_c_chocolate.mp4
[DATASET] (287/540) Loading video: DATASET/chocolate/p9_c_chocolate.mp4
[DATASET] (288/540) Loading video: DATASET/chocolate/p10_c_chocolate.mp4
[DATASET] (289/540) Loading video: DATASET/onumoti/p9_c_onumoti.mp4
[DATASET] (290/540) Loading video: DATASET/onumoti/p5_c_onumoti.mp4
[DATASET] (291/540) Loading video: DATASET/onumoti/p9_f_onumoti.mp4
[DATASET] (292/540) Loading video: DATASET/onumoti/p10_c_onumoti.mp4
[DATASET] (293/540) Loading video: DATASET/onumoti/p5_f_onumoti.mp4
[DATASET] (294/540) Loading video: DATASET/onumoti/p10_f_onumoti.mp4
[DATASET] (295/540) Loading video: DATASET/shikkhok/p10_f_shikkhok.mp4
[DATASET] (296/540) Loading video: DATASET/shikkhok/p5_f_shikkhok.mp4
[DATASET] (297/540) Loading video: DATASET/shikkhok/p10_c_shikkhok.mp4
[DATASET] (298/540) Loading video: DATASET/shikkhok/p9_f_shikkhok.mp4
[DATASET] (299/540) Loading video: DATASET/shikkhok/p9_c_shikkhok.mp4
[DATASET] (300/540) Loading video: DATASET/shikkhok/p5_c_shikkhok.mp4
[DATASET] (301/540) Loading video: DATASET/chih/p5_f_chih.mp4
[DATASET] (302/540) Loading video: DATASET/chih/p10_c_chih.mp4
[DATASET] (303/540) Loading video: DATASET/chih/p9_c_chih.mp4
[DATASET] (304/540) Loading video: DATASET/chih/p10_f_chih.mp4
[DATASET] (305/540) Loading video: DATASET/chih/p9_f_chih.mp4
[DATASET] (306/540) Loading video: DATASET/chih/p5_c_chih.mp4
[DATASET] (307/540) Loading video: DATASET/jokhon/p10_f_jokhon.mp4
[DATASET] (308/540) Loading video: DATASET/jokhon/p5_f_jokhon.mp4
[DATASET] (309/540) Loading video: DATASET/jokhon/p9_c_jokhon.mp4
[DATASET] (310/540) Loading video: DATASET/jokhon/p5_c_jokhon.mp4
[DATASET] (311/540) Loading video: DATASET/jokhon/p9_f_jokhon.mp4
[DATASET] (312/540) Loading video: DATASET/jokhon/p10_c_jokhon.mp4
[DATASET] (313/540) Loading video: DATASET/uvoy/p10_f_uvoy.mp4
[DATASET] (314/540) Loading video: DATASET/uvoy/p5_c_uvoy.mp4
[DATASET] (315/540) Loading video: DATASET/uvoy/p5_f_uvoy.mp4
[DATASET] (316/540) Loading video: DATASET/uvoy/p9_c_uvoy.mp4
[DATASET] (317/540) Loading video: DATASET/uvoy/p9_f_uvoy.mp4
[DATASET] (318/540) Loading video: DATASET/uvoy/p10_c_uvoy.mp4
[DATASET] (319/540) Loading video: DATASET/ovivabok/p5_f_ovivabok.mp4
[DATASET] (320/540) Loading video: DATASET/ovivabok/p10_f_ovivabok.mp4
[DATASET] (321/540) Loading video: DATASET/ovivabok/p9_f_ovivabok.mp4
[DATASET] (322/540) Loading video: DATASET/ovivabok/p10_c_ovivabok.mp4
[DATASET] (323/540) Loading video: DATASET/ovivabok/p9_c_ovivabok.mp4
[DATASET] (324/540) Loading video: DATASET/ovivabok/p5_c_ovivabok.mp4
[DATASET] (325/540) Loading video: DATASET/poriskar/p9_c_poriskar.mp4
[DATASET] (326/540) Loading video: DATASET/poriskar/p5_f_poriskar.mp4
[DATASET] (327/540) Loading video: DATASET/poriskar/p10_f_poriskar.mp4
[DATASET] (328/540) Loading video: DATASET/poriskar/p5_c_poriskar.mp4
[DATASET] (329/540) Loading video: DATASET/poriskar/p10_c_poriskar.mp4
[DATASET] (330/540) Loading video: DATASET/poriskar/p9_f_poriskar.mp4
[DATASET] (331/540) Loading video: DATASET/choto/p9_c_choto.mp4
[DATASET] (332/540) Loading video: DATASET/choto/p10_c_choto.mp4
[DATASET] (333/540) Loading video: DATASET/choto/p5_c_choto.mp4
[DATASET] (334/540) Loading video: DATASET/choto/p9_f_choto.mp4
[DATASET] (335/540) Loading video: DATASET/choto/p5_f_choto.mp4
[DATASET] (336/540) Loading video: DATASET/choto/p10_f_choto.mp4
[DATASET] (337/540) Loading video: DATASET/raat/p5_c_raat.mp4
[DATASET] (338/540) Loading video: DATASET/raat/p9_c_raat.mp4
[DATASET] (339/540) Loading video: DATASET/raat/p10_c_raat.mp4
[DATASET] (340/540) Loading video: DATASET/raat/p5_f_raat.mp4
[DATASET] (341/540) Loading video: DATASET/raat/p9_f_raat.mp4
[DATASET] (342/540) Loading video: DATASET/raat/p10_f_raat.mp4
[DATASET] (343/540) Loading video: DATASET/sotru/p5_c_sotru.mp4
[DATASET] (344/540) Loading video: DATASET/sotru/p9_f_sotru.mp4
[DATASET] (345/540) Loading video: DATASET/sotru/p9_c_sotru.mp4
[DATASET] (346/540) Loading video: DATASET/sotru/p10_f_sotru.mp4
[DATASET] (347/540) Loading video: DATASET/sotru/p5_f_sotru.mp4
[DATASET] (348/540) Loading video: DATASET/sotru/p10_c_sotru.mp4
[DATASET] (349/540) Loading video: DATASET/khela/p5_c_khela.mp4
[DATASET] (350/540) Loading video: DATASET/khela/p10_c_khela.mp4
[DATASET] (351/540) Loading video: DATASET/khela/p9_c_khela.mp4
[DATASET] (352/540) Loading video: DATASET/khela/p9_f_khela.mp4
[DATASET] (353/540) Loading video: DATASET/khela/p5_f_khela.mp4
[DATASET] (354/540) Loading video: DATASET/khela/p10_f_khela.mp4
[DATASET] (355/540) Loading video: DATASET/sharee/p9_f_sharee.mp4
[DATASET] (356/540) Loading video: DATASET/sharee/p10_c_sharee.mp4
[DATASET] (357/540) Loading video: DATASET/sharee/p5_f_sharee.mp4
[DATASET] (358/540) Loading video: DATASET/sharee/p10_f_sharee.mp4
[DATASET] (359/540) Loading video: DATASET/sharee/p9_c_sharee.mp4
[DATASET] (360/540) Loading video: DATASET/sharee/p5_c_sharee.mp4
[DATASET] (361/540) Loading video: DATASET/ador/p9_f_ador.mp4
[DATASET] (362/540) Loading video: DATASET/ador/p10_c_ador.mp4
[DATASET] (363/540) Loading video: DATASET/ador/p5_c_ador.mp4
[DATASET] (364/540) Loading video: DATASET/ador/p5_f_ador.mp4
[DATASET] (365/540) Loading video: DATASET/ador/p10_f_ador.mp4
[DATASET] (366/540) Loading video: DATASET/ador/p9_c_ador.mp4
[DATASET] (367/540) Loading video: DATASET/sroddha/p10_f_sroddha.mp4
[DATASET] (368/540) Loading video: DATASET/sroddha/p9_c_sroddha.mp4
[DATASET] (369/540) Loading video: DATASET/sroddha/p5_c_sroddha.mp4
[DATASET] (370/540) Loading video: DATASET/sroddha/p5_f_sroddha.mp4
[DATASET] (371/540) Loading video: DATASET/sroddha/p10_c_sroddha.mp4
[DATASET] (372/540) Loading video: DATASET/sroddha/p9_f_sroddha.mp4
[DATASET] (373/540) Loading video: DATASET/table/p9_c_table.mp4
[DATASET] (374/540) Loading video: DATASET/table/p10_c_table.mp4
[DATASET] (375/540) Loading video: DATASET/table/p9_f_table.mp4
[DATASET] (376/540) Loading video: DATASET/table/p5_c_table.mp4
[DATASET] (377/540) Loading video: DATASET/table/p5_f_table.mp4
[DATASET] (378/540) Loading video: DATASET/table/p10_f_table.mp4
[DATASET] (379/540) Loading video: DATASET/pant/p9_c_pant.mp4
[DATASET] (380/540) Loading video: DATASET/pant/p9_f_pant.mp4
[DATASET] (381/540) Loading video: DATASET/pant/p5_f_pant.mp4
[DATASET] (382/540) Loading video: DATASET/pant/p10_c_pant.mp4
[DATASET] (383/540) Loading video: DATASET/pant/p10_f_pant.mp4
[DATASET] (384/540) Loading video: DATASET/pant/p5_c_pant.mp4
[DATASET] (385/540) Loading video: DATASET/janala/p5_c_janala.mp4
[DATASET] (386/540) Loading video: DATASET/janala/p10_f_janala.mp4
[DATASET] (387/540) Loading video: DATASET/janala/p9_f_janala.mp4
[DATASET] (388/540) Loading video: DATASET/janala/p10_c_janala.mp4
[DATASET] (389/540) Loading video: DATASET/janala/p9_c_janala.mp4
[DATASET] (390/540) Loading video: DATASET/janala/p5_f_janala.mp4
[DATASET] (391/540) Loading video: DATASET/cricket/p10_f_cricket.mp4
[DATASET] (392/540) Loading video: DATASET/cricket/p9_f_cricket.mp4
[DATASET] (393/540) Loading video: DATASET/cricket/p5_f_cricket.mp4
[DATASET] (394/540) Loading video: DATASET/cricket/p5_c_cricket.mp4
[DATASET] (395/540) Loading video: DATASET/cricket/p9_c_cricket.mp4
[DATASET] (396/540) Loading video: DATASET/cricket/p10_c_cricket.mp4
[DATASET] (397/540) Loading video: DATASET/chabi/p5_f_chabi.mp4
[DATASET] (398/540) Loading video: DATASET/chabi/p5_c_chabi.mp4
[DATASET] (399/540) Loading video: DATASET/chabi/p10_c_chabi.mp4
[DATASET] (400/540) Loading video: DATASET/chabi/p9_c_chabi.mp4
[DATASET] (401/540) Loading video: DATASET/chabi/p10_f_chabi.mp4
[DATASET] (402/540) Loading video: DATASET/chabi/p9_f_chabi.mp4
[DATASET] (403/540) Loading video: DATASET/shona/p10_c_shona.mp4
[DATASET] (404/540) Loading video: DATASET/shona/p5_c_shona.mp4
[DATASET] (405/540) Loading video: DATASET/shona/p10_f_shona.mp4
[DATASET] (406/540) Loading video: DATASET/shona/p9_f_shona.mp4
[DATASET] (407/540) Loading video: DATASET/shona/p5_f_shona.mp4
[DATASET] (408/540) Loading video: DATASET/shona/p9_c_shona.mp4
[DATASET] (409/540) Loading video: DATASET/chad/p9_f_chad.mp4
[DATASET] (410/540) Loading video: DATASET/chad/p10_f_chad.mp4
[DATASET] (411/540) Loading video: DATASET/chad/p5_f_chad.mp4
[DATASET] (412/540) Loading video: DATASET/chad/p5_c_chad.mp4
[DATASET] (413/540) Loading video: DATASET/chad/p9_c_chad.mp4
[DATASET] (414/540) Loading video: DATASET/chad/p10_c_chad.mp4
[DATASET] (415/540) Loading video: DATASET/tokhon/p9_c_tokhon.mp4
[DATASET] (416/540) Loading video: DATASET/tokhon/p5_c_tokhon.mp4
[DATASET] (417/540) Loading video: DATASET/tokhon/p9_f_tokhon.mp4
[DATASET] (418/540) Loading video: DATASET/tokhon/p10_f_tokhon.mp4
[DATASET] (419/540) Loading video: DATASET/tokhon/p10_c_tokhon.mp4
[DATASET] (420/540) Loading video: DATASET/tokhon/p5_f_tokhon.mp4
[DATASET] (421/540) Loading video: DATASET/sustho/p5_c_sustho.mp4
[DATASET] (422/540) Loading video: DATASET/sustho/p9_c_sustho.mp4
[DATASET] (423/540) Loading video: DATASET/sustho/p10_f_sustho.mp4
[DATASET] (424/540) Loading video: DATASET/sustho/p10_c_sustho.mp4
[DATASET] (425/540) Loading video: DATASET/sustho/p5_f_sustho.mp4
[DATASET] (426/540) Loading video: DATASET/sustho/p9_f_sustho.mp4
[DATASET] (427/540) Loading video: DATASET/nurse/p5_c_nurse.mp4
[DATASET] (428/540) Loading video: DATASET/nurse/p10_c_nurse.mp4
[DATASET] (429/540) Loading video: DATASET/nurse/p5_f_nurse.mp4
[DATASET] (430/540) Loading video: DATASET/nurse/p9_f_nurse.mp4
[DATASET] (431/540) Loading video: DATASET/nurse/p9_c_nurse.mp4
[DATASET] (432/540) Loading video: DATASET/nurse/p10_f_nurse.mp4
[DATASET] (433/540) Loading video: DATASET/jodi/p5_f_jodi.mp4
[DATASET] (434/540) Loading video: DATASET/jodi/p10_c_jodi.mp4
[DATASET] (435/540) Loading video: DATASET/jodi/p5_c_jodi.mp4
[DATASET] (436/540) Loading video: DATASET/jodi/p10_f_jodi.mp4
[DATASET] (437/540) Loading video: DATASET/jodi/p9_f_jodi.mp4
[DATASET] (438/540) Loading video: DATASET/jodi/p9_c_jodi.mp4
[DATASET] (439/540) Loading video: DATASET/kothay/p5_f_kothay.mp4
[DATASET] (440/540) Loading video: DATASET/kothay/p10_f_kothay.mp4
[DATASET] (441/540) Loading video: DATASET/kothay/p10_c_kothay.mp4
[DATASET] (442/540) Loading video: DATASET/kothay/p5_c_kothay.mp4
[DATASET] (443/540) Loading video: DATASET/kothay/p9_c_kothay.mp4
[DATASET] (444/540) Loading video: DATASET/kothay/p9_f_kothay.mp4
[DATASET] (445/540) Loading video: DATASET/khoj/p9_f_khoj.mp4
[DATASET] (446/540) Loading video: DATASET/khoj/p5_c_khoj.mp4
[DATASET] (447/540) Loading video: DATASET/khoj/p9_c_khoj.mp4
[DATASET] (448/540) Loading video: DATASET/khoj/p10_c_khoj.mp4
[DATASET] (449/540) Loading video: DATASET/khoj/p5_f_khoj.mp4
[DATASET] (450/540) Loading video: DATASET/khoj/p10_f_khoj.mp4
[DATASET] (451/540) Loading video: DATASET/dengue/p5_c_dengue.mp4
[DATASET] (452/540) Loading video: DATASET/dengue/p5_f_dengue.mp4
[DATASET] (453/540) Loading video: DATASET/dengue/p10_f_dengue.mp4
[DATASET] (454/540) Loading video: DATASET/dengue/p9_f_dengue.mp4
[DATASET] (455/540) Loading video: DATASET/dengue/p10_c_dengue.mp4
[DATASET] (456/540) Loading video: DATASET/dengue/p9_c_dengue.mp4
[DATASET] (457/540) Loading video: DATASET/shanti/p9_f_shanti.mp4
[DATASET] (458/540) Loading video: DATASET/shanti/p9_c_shanti.mp4
[DATASET] (459/540) Loading video: DATASET/shanti/p5_c_shanti.mp4
[DATASET] (460/540) Loading video: DATASET/shanti/p5_f_shanti.mp4
[DATASET] (461/540) Loading video: DATASET/shanti/p10_f_shanti.mp4
[DATASET] (462/540) Loading video: DATASET/shanti/p10_c_shanti.mp4
[DATASET] (463/540) Loading video: DATASET/sombar/p9_f_sombar.mp4
[DATASET] (464/540) Loading video: DATASET/sombar/p5_c_sombar.mp4
[DATASET] (465/540) Loading video: DATASET/sombar/p5_f_sombar.mp4
[DATASET] (466/540) Loading video: DATASET/sombar/p10_f_sombar.mp4
[DATASET] (467/540) Loading video: DATASET/sombar/p9_c_sombar.mp4
[DATASET] (468/540) Loading video: DATASET/sombar/p10_c_sombar.mp4
[DATASET] (469/540) Loading video: DATASET/tv/p10_f_tv.mp4
[DATASET] (470/540) Loading video: DATASET/tv/p5_f_tv.mp4
[DATASET] (471/540) Loading video: DATASET/tv/p9_f_tv.mp4
[DATASET] (472/540) Loading video: DATASET/tv/p10_c_tv.mp4
[DATASET] (473/540) Loading video: DATASET/tv/p5_c_tv.mp4
[DATASET] (474/540) Loading video: DATASET/tv/p9_c_tv.mp4
[DATASET] (475/540) Loading video: DATASET/nodi/p5_f_nodi.mp4
[DATASET] (476/540) Loading video: DATASET/nodi/p5_c_nodi.mp4
[DATASET] (477/540) Loading video: DATASET/nodi/p9_c_nodi.mp4
[DATASET] (478/540) Loading video: DATASET/nodi/p10_c_nodi.mp4
[DATASET] (479/540) Loading video: DATASET/nodi/p10_f_nodi.mp4
[DATASET] (480/540) Loading video: DATASET/nodi/p9_f_nodi.mp4
[DATASET] (481/540) Loading video: DATASET/khelowar/p10_c_khelowar.mp4
[DATASET] (482/540) Loading video: DATASET/khelowar/p10_f_khelowar.mp4
[DATASET] (483/540) Loading video: DATASET/khelowar/p5_f_khelowar.mp4
[DATASET] (484/540) Loading video: DATASET/khelowar/p9_c_khelowar.mp4
[DATASET] (485/540) Loading video: DATASET/khelowar/p5_c_khelowar.mp4
[DATASET] (486/540) Loading video: DATASET/khelowar/p9_f_khelowar.mp4
[DATASET] (487/540) Loading video: DATASET/sandal/p10_c_sandal.mp4
[DATASET] (488/540) Loading video: DATASET/sandal/p9_f_sandal.mp4
[DATASET] (489/540) Loading video: DATASET/sandal/p5_c_sandal.mp4
[DATASET] (490/540) Loading video: DATASET/sandal/p5_f_sandal.mp4
[DATASET] (491/540) Loading video: DATASET/sandal/p9_c_sandal.mp4
[DATASET] (492/540) Loading video: DATASET/sandal/p10_f_sandal.mp4
[DATASET] (493/540) Loading video: DATASET/porisrom/p10_c_porisrom.mp4
[DATASET] (494/540) Loading video: DATASET/porisrom/p5_f_porisrom.mp4
[DATASET] (495/540) Loading video: DATASET/porisrom/p5_c_porisrom.mp4
[DATASET] (496/540) Loading video: DATASET/porisrom/p9_c_porisrom.mp4
[DATASET] (497/540) Loading video: DATASET/porisrom/p10_f_porisrom.mp4
[DATASET] (498/540) Loading video: DATASET/porisrom/p9_f_porisrom.mp4
[DATASET] (499/540) Loading video: DATASET/jiggasha/p5_c_jiggasha.mp4
[DATASET] (500/540) Loading video: DATASET/jiggasha/p5_f_jiggasha.mp4
[DATASET] (501/540) Loading video: DATASET/jiggasha/p9_c_jiggasha.mp4
[DATASET] (502/540) Loading video: DATASET/jiggasha/p9_f_jiggasha.mp4
[DATASET] (503/540) Loading video: DATASET/jiggasha/p10_f_jiggasha.mp4
[DATASET] (504/540) Loading video: DATASET/jiggasha/p10_c_jiggasha.mp4
[DATASET] (505/540) Loading video: DATASET/ki/p9_f_ki.mp4
[DATASET] (506/540) Loading video: DATASET/ki/p5_f_ki.mp4
[DATASET] (507/540) Loading video: DATASET/ki/p5_c_ki.mp4
[DATASET] (508/540) Loading video: DATASET/ki/p10_c_ki.mp4
[DATASET] (509/540) Loading video: DATASET/ki/p10_f_ki.mp4
[DATASET] (510/540) Loading video: DATASET/ki/p9_c_ki.mp4
[DATASET] (511/540) Loading video: DATASET/bichana/p5_c_bichana.mp4
[DATASET] (512/540) Loading video: DATASET/bichana/p9_f_bichana.mp4
[DATASET] (513/540) Loading video: DATASET/bichana/p10_c_bichana.mp4
[DATASET] (514/540) Loading video: DATASET/bichana/p10_f_bichana.mp4
[DATASET] (515/540) Loading video: DATASET/bichana/p9_c_bichana.mp4
[DATASET] (516/540) Loading video: DATASET/bichana/p5_f_bichana.mp4
[DATASET] (517/540) Loading video: DATASET/somoy/p10_f_somoy.mp4
[DATASET] (518/540) Loading video: DATASET/somoy/p5_c_somoy.mp4
[DATASET] (519/540) Loading video: DATASET/somoy/p5_f_somoy.mp4
[DATASET] (520/540) Loading video: DATASET/somoy/p9_f_somoy.mp4
[DATASET] (521/540) Loading video: DATASET/somoy/p9_c_somoy.mp4
[DATASET] (522/540) Loading video: DATASET/somoy/p10_c_somoy.mp4
[DATASET] (523/540) Loading video: DATASET/orna/p9_f_orna.mp4
[DATASET] (524/540) Loading video: DATASET/orna/p9_c_orna.mp4
[DATASET] (525/540) Loading video: DATASET/orna/p10_c_orna.mp4
[DATASET] (526/540) Loading video: DATASET/orna/p5_f_orna.mp4
[DATASET] (527/540) Loading video: DATASET/orna/p10_f_orna.mp4
[DATASET] (528/540) Loading video: DATASET/orna/p5_c_orna.mp4
[DATASET] (529/540) Loading video: DATASET/protibeshi/p10_c_protibeshi.mp4
[DATASET] (530/540) Loading video: DATASET/protibeshi/p10_f_protibeshi.mp4
[DATASET] (531/540) Loading video: DATASET/protibeshi/p9_c_protibeshi.mp4
[DATASET] (532/540) Loading video: DATASET/protibeshi/p5_f_protibeshi.mp4
[DATASET] (533/540) Loading video: DATASET/protibeshi/p9_f_protibeshi.mp4
[DATASET] (534/540) Loading video: DATASET/protibeshi/p5_c_protibeshi.mp4
[DATASET] (535/540) Loading video: DATASET/attio/p5_c_attio.mp4
[DATASET] (536/540) Loading video: DATASET/attio/p9_f_attio.mp4
[DATASET] (537/540) Loading video: DATASET/attio/p9_c_attio.mp4
[DATASET] (538/540) Loading video: DATASET/attio/p5_f_attio.mp4
[DATASET] (539/540) Loading video: DATASET/attio/p10_f_attio.mp4
[DATASET] (540/540) Loading video: DATASET/attio/p10_c_attio.mp4
[DATASET] Finished processing 540 videos.
[DATASET] Saving dataset cache to: test_dataset.pt
[DATASET] Cache saved successfully.
/home/user5/anaconda3/envs/cs7643-a1/lib/python3.14/site-packages/torch/nn/modules/transformer.py:392: UserWarning: enable_nested_tensor is True, but self.use_nested_tensor is False because encoder_layer.self_attn.batch_first was not True(use batch_first for better inference performance)
  warnings.warn(
Number of training samples: 2160
Number of test samples: 540
Unique labels: [ 1  2  3  4  5  6  7  8  9 10 11 12 13 14 15 16 17 18 19 20 21 22 23 24
 25 26 27 28 29 30 31 32 33 34 35 36 37 38 39 40 41 42 43 44 45 46 47 48
 49 50 51 52 53 54 55 56 57 58 59 60 61 62 63 64 65 66 67 68 69 70 71 72
 73 74 75 76 77 78 79 80 81 82 83 84 85 86 87 88 89 90]
Number of classes: 90
Samples per class: [24 24 24 24 24 24 24 24 24 24 24 24 24 24 24 24 24 24 24 24 24 24 24 24
 24 24 24 24 24 24 24 24 24 24 24 24 24 24 24 24 24 24 24 24 24 24 24 24
 24 24 24 24 24 24 24 24 24 24 24 24 24 24 24 24 24 24 24 24 24 24 24 24
 24 24 24 24 24 24 24 24 24 24 24 24 24 24 24 24 24 24]
Traceback (most recent call last):
  File "/home/user5/DDA4220_GroupProject/Sign-Language-Recognition/code/DDATraining_Save.py", line 164, in <module>
    run(train_txt, test_txt, pretrained_weights,
    ~~~^^^^^^^^^^^^^^^^^^^^^^^^^^^^^^^^^^^^^^^^^
        batch_size=12, num_epochs=10, patience=5,
        ^^^^^^^^^^^^^^^^^^^^^^^^^^^^^^^^^^^^^^^^^
        train_cache='train_dataset.pt', test_cache='test_dataset.pt')
        ^^^^^^^^^^^^^^^^^^^^^^^^^^^^^^^^^^^^^^^^^^^^^^^^^^^^^^^^^^^^^
  File "/home/user5/DDA4220_GroupProject/Sign-Language-Recognition/code/DDATraining_Save.py", line 93, in run
    for batch_idx, (inputs, labels, vids) in enumerate(dataloaders['train']):
                                             ~~~~~~~~~^^^^^^^^^^^^^^^^^^^^^^
  File "/home/user5/anaconda3/envs/cs7643-a1/lib/python3.14/site-packages/torch/utils/data/dataloader.py", line 494, in __iter__
    return self._get_iterator()
           ~~~~~~~~~~~~~~~~~~^^
  File "/home/user5/anaconda3/envs/cs7643-a1/lib/python3.14/site-packages/torch/utils/data/dataloader.py", line 427, in _get_iterator
    return _MultiProcessingDataLoaderIter(self)
  File "/home/user5/anaconda3/envs/cs7643-a1/lib/python3.14/site-packages/torch/utils/data/dataloader.py", line 1170, in __init__
    w.start()
    ~~~~~~~^^
  File "/home/user5/anaconda3/envs/cs7643-a1/lib/python3.14/multiprocessing/process.py", line 121, in start
    self._popen = self._Popen(self)
                  ~~~~~~~~~~~^^^^^^
  File "/home/user5/anaconda3/envs/cs7643-a1/lib/python3.14/multiprocessing/context.py", line 224, in _Popen
    return _default_context.get_context().Process._Popen(process_obj)
           ~~~~~~~~~~~~~~~~~~~~~~~~~~~~~~~~~~~~~~~~~~~~~^^^^^^^^^^^^^
  File "/home/user5/anaconda3/envs/cs7643-a1/lib/python3.14/multiprocessing/context.py", line 300, in _Popen
    return Popen(process_obj)
  File "/home/user5/anaconda3/envs/cs7643-a1/lib/python3.14/multiprocessing/popen_forkserver.py", line 35, in __init__
    super().__init__(process_obj)
    ~~~~~~~~~~~~~~~~^^^^^^^^^^^^^
  File "/home/user5/anaconda3/envs/cs7643-a1/lib/python3.14/multiprocessing/popen_fork.py", line 20, in __init__
    self._launch(process_obj)
    ~~~~~~~~~~~~^^^^^^^^^^^^^
  File "/home/user5/anaconda3/envs/cs7643-a1/lib/python3.14/multiprocessing/popen_forkserver.py", line 51, in _launch
    self.sentinel, w = forkserver.connect_to_new_process(self._fds)
                       ~~~~~~~~~~~~~~~~~~~~~~~~~~~~~~~~~^^^^^^^^^^^
  File "/home/user5/anaconda3/envs/cs7643-a1/lib/python3.14/multiprocessing/forkserver.py", line 92, in connect_to_new_process
    raise ValueError('too many fds')
ValueError: too many fds
